[2021-07-19T11:47:42.768+0000][36436][gc] Using G1
[2021-07-19T11:47:42.820+0000][36436][gc,init] Version: 15.0.1+9-18 (release)
[2021-07-19T11:47:42.820+0000][36436][gc,init] CPUs: 8 total, 8 available
[2021-07-19T11:47:42.821+0000][36436][gc,init] Memory: 8107M
[2021-07-19T11:47:42.821+0000][36436][gc,init] Large Page Support: Disabled
[2021-07-19T11:47:42.821+0000][36436][gc,init] NUMA Support: Disabled
[2021-07-19T11:47:42.821+0000][36436][gc,init] Compressed Oops: Enabled (Zero based)
[2021-07-19T11:47:42.821+0000][36436][gc,init] Heap Region Size: 2M
[2021-07-19T11:47:42.821+0000][36436][gc,init] Heap Min Capacity: 4054M
[2021-07-19T11:47:42.821+0000][36436][gc,init] Heap Initial Capacity: 4054M
[2021-07-19T11:47:42.821+0000][36436][gc,init] Heap Max Capacity: 4054M
[2021-07-19T11:47:42.821+0000][36436][gc,init] Pre-touch: Disabled
[2021-07-19T11:47:42.821+0000][36436][gc,init] Parallel Workers: 8
[2021-07-19T11:47:42.821+0000][36436][gc,init] Concurrent Workers: 2
[2021-07-19T11:47:42.821+0000][36436][gc,init] Concurrent Refinement Workers: 8
[2021-07-19T11:47:42.821+0000][36436][gc,init] Periodic GC: Disabled
[2021-07-19T11:47:42.822+0000][36436][gc,metaspace] CDS disabled.
[2021-07-19T11:47:42.822+0000][36436][gc,metaspace] Compressed class space mapped at: 0x00000007c0000000-0x0000000800000000, size: 1073741824
[2021-07-19T11:47:42.822+0000][36436][gc,metaspace] Narrow klass base: 0x0000000000000000, Narrow klass shift: 3, Narrow klass range: 0x800000000
[2021-07-19T11:47:43.016+0000][36436][gc,heap,exit] Heap
[2021-07-19T11:47:43.016+0000][36436][gc,heap,exit]  garbage-first heap   total 4151296K, used 2048K [0x00000006c2a00000, 0x00000007c0000000)
[2021-07-19T11:47:43.016+0000][36436][gc,heap,exit]   region size 2048K, 2 young (4096K), 0 survivors (0K)
[2021-07-19T11:47:43.016+0000][36436][gc,heap,exit]  Metaspace       used 3580K, capacity 4480K, committed 4480K, reserved 1056768K
[2021-07-19T11:47:43.016+0000][36436][gc,heap,exit]   class space    used 290K, capacity 384K, committed 384K, reserved 1048576K
