[2021-07-19T11:47:43.459+0000][34092][gc] Using G1
[2021-07-19T11:47:47.717+0000][34092][gc,init] Version: 15.0.1+9-18 (release)
[2021-07-19T11:47:47.719+0000][34092][gc,init] CPUs: 8 total, 8 available
[2021-07-19T11:47:47.719+0000][34092][gc,init] Memory: 8107M
[2021-07-19T11:47:47.719+0000][34092][gc,init] Large Page Support: Disabled
[2021-07-19T11:47:47.719+0000][34092][gc,init] NUMA Support: Disabled
[2021-07-19T11:47:47.719+0000][34092][gc,init] Compressed Oops: Enabled (Zero based)
[2021-07-19T11:47:47.719+0000][34092][gc,init] Heap Region Size: 4M
[2021-07-19T11:47:47.719+0000][34092][gc,init] Heap Min Capacity: 4056M
[2021-07-19T11:47:47.719+0000][34092][gc,init] Heap Initial Capacity: 4056M
[2021-07-19T11:47:47.719+0000][34092][gc,init] Heap Max Capacity: 4056M
[2021-07-19T11:47:47.720+0000][34092][gc,init] Pre-touch: Enabled
[2021-07-19T11:47:47.720+0000][34092][gc,init] Parallel Workers: 8
[2021-07-19T11:47:47.720+0000][34092][gc,init] Concurrent Workers: 2
[2021-07-19T11:47:47.720+0000][34092][gc,init] Concurrent Refinement Workers: 8
[2021-07-19T11:47:47.720+0000][34092][gc,init] Periodic GC: Disabled
[2021-07-19T11:47:47.729+0000][34092][gc,metaspace] CDS archive(s) mapped at: [0x0000000800000000-0x0000000800b50000-0x0000000800b50000), size 11862016, SharedBaseAddress: 0x0000000800000000, ArchiveRelocationMode: 0.
[2021-07-19T11:47:47.729+0000][34092][gc,metaspace] Compressed class space mapped at: 0x0000000800b50000-0x0000000840b50000, size: 1073741824
[2021-07-19T11:47:47.729+0000][34092][gc,metaspace] Narrow klass base: 0x0000000800000000, Narrow klass shift: 3, Narrow klass range: 0x100000000
[2021-07-19T11:47:48.639+0000][34092][safepoint   ] Safepoint "ICBufferFull", Time since last: 872747800 ns, Reaching safepoint: 257500 ns, At safepoint: 17000 ns, Total: 274500 ns
[2021-07-19T11:47:49.853+0000][34092][safepoint   ] Safepoint "ICBufferFull", Time since last: 1213131800 ns, Reaching safepoint: 262700 ns, At safepoint: 16100 ns, Total: 278800 ns
[2021-07-19T11:47:50.918+0000][34092][safepoint   ] Safepoint "Cleanup", Time since last: 1064713200 ns, Reaching safepoint: 154900 ns, At safepoint: 16500 ns, Total: 171400 ns
[2021-07-19T11:47:51.493+0000][34092][safepoint   ] Safepoint "ICBufferFull", Time since last: 575039300 ns, Reaching safepoint: 150100 ns, At safepoint: 9800 ns, Total: 159900 ns
[2021-07-19T11:47:52.691+0000][34092][safepoint   ] Safepoint "Cleanup", Time since last: 1197644400 ns, Reaching safepoint: 187600 ns, At safepoint: 33600 ns, Total: 221200 ns
[2021-07-19T11:47:53.701+0000][34092][safepoint   ] Safepoint "Cleanup", Time since last: 1009847900 ns, Reaching safepoint: 428200 ns, At safepoint: 22800 ns, Total: 451000 ns
[2021-07-19T11:47:54.706+0000][34092][safepoint   ] Safepoint "Cleanup", Time since last: 1004485900 ns, Reaching safepoint: 117500 ns, At safepoint: 12700 ns, Total: 130200 ns
[2021-07-19T11:47:55.895+0000][34092][safepoint   ] Safepoint "ICBufferFull", Time since last: 1189673600 ns, Reaching safepoint: 206100 ns, At safepoint: 13600 ns, Total: 219700 ns
[2021-07-19T11:47:55.905+0000][34092][safepoint   ] Safepoint "ICBufferFull", Time since last: 10079700 ns, Reaching safepoint: 59100 ns, At safepoint: 4900 ns, Total: 64000 ns
[2021-07-19T11:47:55.911+0000][34092][safepoint   ] Safepoint "ICBufferFull", Time since last: 5888500 ns, Reaching safepoint: 48500 ns, At safepoint: 2800 ns, Total: 51300 ns
[2021-07-19T11:47:55.917+0000][34092][safepoint   ] Safepoint "ICBufferFull", Time since last: 5646500 ns, Reaching safepoint: 59600 ns, At safepoint: 17800 ns, Total: 77400 ns
[2021-07-19T11:47:55.922+0000][34092][safepoint   ] Safepoint "ICBufferFull", Time since last: 4361900 ns, Reaching safepoint: 96500 ns, At safepoint: 18500 ns, Total: 115000 ns
[2021-07-19T11:47:55.929+0000][34092][safepoint   ] Safepoint "ICBufferFull", Time since last: 7700200 ns, Reaching safepoint: 64900 ns, At safepoint: 17900 ns, Total: 82800 ns
[2021-07-19T11:47:55.937+0000][34092][safepoint   ] Safepoint "ICBufferFull", Time since last: 7113200 ns, Reaching safepoint: 62800 ns, At safepoint: 49600 ns, Total: 112400 ns
[2021-07-19T11:47:55.943+0000][34092][safepoint   ] Safepoint "ICBufferFull", Time since last: 6104700 ns, Reaching safepoint: 51400 ns, At safepoint: 10600 ns, Total: 62000 ns
[2021-07-19T11:47:55.948+0000][34092][safepoint   ] Safepoint "ICBufferFull", Time since last: 4689000 ns, Reaching safepoint: 57400 ns, At safepoint: 10300 ns, Total: 67700 ns
[2021-07-19T11:47:55.955+0000][34092][safepoint   ] Safepoint "ICBufferFull", Time since last: 7725700 ns, Reaching safepoint: 56400 ns, At safepoint: 12200 ns, Total: 68600 ns
[2021-07-19T11:47:55.963+0000][34092][safepoint   ] Safepoint "ICBufferFull", Time since last: 7997400 ns, Reaching safepoint: 48700 ns, At safepoint: 49900 ns, Total: 98600 ns
[2021-07-19T11:47:55.969+0000][34092][safepoint   ] Safepoint "ICBufferFull", Time since last: 5263000 ns, Reaching safepoint: 64500 ns, At safepoint: 3500 ns, Total: 68000 ns
[2021-07-19T11:47:55.976+0000][34092][safepoint   ] Safepoint "ICBufferFull", Time since last: 6602000 ns, Reaching safepoint: 102100 ns, At safepoint: 3600 ns, Total: 105700 ns
[2021-07-19T11:47:55.984+0000][34092][safepoint   ] Safepoint "ICBufferFull", Time since last: 7654300 ns, Reaching safepoint: 104500 ns, At safepoint: 4200 ns, Total: 108700 ns
[2021-07-19T11:47:55.991+0000][34092][safepoint   ] Safepoint "ICBufferFull", Time since last: 7359800 ns, Reaching safepoint: 82600 ns, At safepoint: 4000 ns, Total: 86600 ns
[2021-07-19T11:47:56.082+0000][34092][gc,start    ] GC(0) Pause Young (Normal) (G1 Evacuation Pause)
[2021-07-19T11:47:56.083+0000][34092][gc,task     ] GC(0) Using 8 workers of 8 for evacuation
[2021-07-19T11:47:56.084+0000][34092][gc,age      ] GC(0) Desired survivor size 14680064 bytes, new threshold 15 (max threshold 15)
[2021-07-19T11:47:56.094+0000][34092][gc,age      ] GC(0) Age table with threshold 15 (max threshold 15)
[2021-07-19T11:47:56.094+0000][34092][gc,age      ] GC(0) - age   1:   11410728 bytes,   11410728 total
[2021-07-19T11:47:56.094+0000][34092][gc,phases   ] GC(0)   Pre Evacuate Collection Set: 0.3ms
[2021-07-19T11:47:56.094+0000][34092][gc,phases   ] GC(0)   Merge Heap Roots: 0.1ms
[2021-07-19T11:47:56.094+0000][34092][gc,phases   ] GC(0)   Evacuate Collection Set: 8.5ms
[2021-07-19T11:47:56.094+0000][34092][gc,phases   ] GC(0)   Post Evacuate Collection Set: 1.2ms
[2021-07-19T11:47:56.095+0000][34092][gc,phases   ] GC(0)   Other: 2.3ms
[2021-07-19T11:47:56.095+0000][34092][gc,heap     ] GC(0) Eden regions: 50->0(47)
[2021-07-19T11:47:56.095+0000][34092][gc,heap     ] GC(0) Survivor regions: 0->3(7)
[2021-07-19T11:47:56.095+0000][34092][gc,heap     ] GC(0) Old regions: 0->0
[2021-07-19T11:47:56.095+0000][34092][gc,heap     ] GC(0) Archive regions: 0->0
[2021-07-19T11:47:56.095+0000][34092][gc,heap     ] GC(0) Humongous regions: 0->0
[2021-07-19T11:47:56.095+0000][34092][gc,metaspace] GC(0) Metaspace: 16559K(16896K)->16559K(16896K) NonClass: 14629K(14848K)->14629K(14848K) Class: 1929K(2048K)->1929K(2048K)
[2021-07-19T11:47:56.095+0000][34092][gc          ] GC(0) Pause Young (Normal) (G1 Evacuation Pause) 200M->10M(4056M) 13.251ms
[2021-07-19T11:47:56.095+0000][34092][gc,cpu      ] GC(0) User=0.00s Sys=0.00s Real=0.01s
[2021-07-19T11:47:56.095+0000][34092][safepoint   ] Safepoint "G1CollectForAllocation", Time since last: 90872500 ns, Reaching safepoint: 104100 ns, At safepoint: 13917600 ns, Total: 14021700 ns
[2021-07-19T11:47:57.105+0000][34092][safepoint   ] Safepoint "Cleanup", Time since last: 1008976500 ns, Reaching safepoint: 142000 ns, At safepoint: 15800 ns, Total: 157800 ns
[2021-07-19T11:47:57.119+0000][34092][gc,start    ] GC(1) Pause Young (Normal) (G1 Evacuation Pause)
[2021-07-19T11:47:57.119+0000][34092][gc,task     ] GC(1) Using 8 workers of 8 for evacuation
[2021-07-19T11:47:57.120+0000][34092][gc,age      ] GC(1) Desired survivor size 14680064 bytes, new threshold 15 (max threshold 15)
[2021-07-19T11:47:57.130+0000][34092][gc,age      ] GC(1) Age table with threshold 15 (max threshold 15)
[2021-07-19T11:47:57.130+0000][34092][gc,age      ] GC(1) - age   1:    1723984 bytes,    1723984 total
[2021-07-19T11:47:57.130+0000][34092][gc,age      ] GC(1) - age   2:   10053680 bytes,   11777664 total
[2021-07-19T11:47:57.130+0000][34092][gc,phases   ] GC(1)   Pre Evacuate Collection Set: 0.2ms
[2021-07-19T11:47:57.131+0000][34092][gc,phases   ] GC(1)   Merge Heap Roots: 0.1ms
[2021-07-19T11:47:57.131+0000][34092][gc,phases   ] GC(1)   Evacuate Collection Set: 8.8ms
[2021-07-19T11:47:57.131+0000][34092][gc,phases   ] GC(1)   Post Evacuate Collection Set: 1.2ms
[2021-07-19T11:47:57.131+0000][34092][gc,phases   ] GC(1)   Other: 1.0ms
[2021-07-19T11:47:57.131+0000][34092][gc,heap     ] GC(1) Eden regions: 47->0(49)
[2021-07-19T11:47:57.131+0000][34092][gc,heap     ] GC(1) Survivor regions: 3->3(7)
[2021-07-19T11:47:57.131+0000][34092][gc,heap     ] GC(1) Old regions: 0->0
[2021-07-19T11:47:57.131+0000][34092][gc,heap     ] GC(1) Archive regions: 0->0
[2021-07-19T11:47:57.131+0000][34092][gc,heap     ] GC(1) Humongous regions: 0->0
[2021-07-19T11:47:57.131+0000][34092][gc,metaspace] GC(1) Metaspace: 18175K(18944K)->18175K(18944K) NonClass: 16056K(16640K)->16056K(16640K) Class: 2118K(2304K)->2118K(2304K)
[2021-07-19T11:47:57.131+0000][34092][gc          ] GC(1) Pause Young (Normal) (G1 Evacuation Pause) 198M->11M(4056M) 12.108ms
[2021-07-19T11:47:57.132+0000][34092][gc,cpu      ] GC(1) User=0.02s Sys=0.00s Real=0.01s
[2021-07-19T11:47:57.132+0000][34092][safepoint   ] Safepoint "G1CollectForAllocation", Time since last: 14637100 ns, Reaching safepoint: 72400 ns, At safepoint: 12339500 ns, Total: 12411900 ns
[2021-07-19T11:47:57.986+0000][34092][gc,start    ] GC(2) Pause Young (Normal) (G1 Evacuation Pause)
[2021-07-19T11:47:57.986+0000][34092][gc,task     ] GC(2) Using 8 workers of 8 for evacuation
[2021-07-19T11:47:57.986+0000][34092][gc,age      ] GC(2) Desired survivor size 14680064 bytes, new threshold 15 (max threshold 15)
[2021-07-19T11:47:57.998+0000][34092][gc,age      ] GC(2) Age table with threshold 15 (max threshold 15)
[2021-07-19T11:47:57.999+0000][34092][gc,age      ] GC(2) - age   1:    2626888 bytes,    2626888 total
[2021-07-19T11:47:57.999+0000][34092][gc,age      ] GC(2) - age   2:    1683656 bytes,    4310544 total
[2021-07-19T11:47:57.999+0000][34092][gc,age      ] GC(2) - age   3:   10052080 bytes,   14362624 total
[2021-07-19T11:47:57.999+0000][34092][gc,phases   ] GC(2)   Pre Evacuate Collection Set: 0.1ms
[2021-07-19T11:47:57.999+0000][34092][gc,phases   ] GC(2)   Merge Heap Roots: 0.1ms
[2021-07-19T11:47:57.999+0000][34092][gc,phases   ] GC(2)   Evacuate Collection Set: 10.9ms
[2021-07-19T11:47:57.999+0000][34092][gc,phases   ] GC(2)   Post Evacuate Collection Set: 1.2ms
[2021-07-19T11:47:57.999+0000][34092][gc,phases   ] GC(2)   Other: 1.0ms
[2021-07-19T11:47:57.999+0000][34092][gc,heap     ] GC(2) Eden regions: 49->0(59)
[2021-07-19T11:47:57.999+0000][34092][gc,heap     ] GC(2) Survivor regions: 3->4(7)
[2021-07-19T11:47:58.000+0000][34092][gc,heap     ] GC(2) Old regions: 0->0
[2021-07-19T11:47:58.000+0000][34092][gc,heap     ] GC(2) Archive regions: 0->0
[2021-07-19T11:47:58.000+0000][34092][gc,heap     ] GC(2) Humongous regions: 0->0
[2021-07-19T11:47:58.000+0000][34092][gc,metaspace] GC(2) Metaspace: 18725K(19328K)->18725K(19328K) NonClass: 16507K(16896K)->16507K(16896K) Class: 2217K(2432K)->2217K(2432K)
[2021-07-19T11:47:58.000+0000][34092][gc          ] GC(2) Pause Young (Normal) (G1 Evacuation Pause) 207M->14M(4056M) 14.275ms
[2021-07-19T11:47:58.000+0000][34092][gc,cpu      ] GC(2) User=0.12s Sys=0.00s Real=0.01s
[2021-07-19T11:47:58.000+0000][34092][safepoint   ] Safepoint "G1CollectForAllocation", Time since last: 853485000 ns, Reaching safepoint: 140600 ns, At safepoint: 14679800 ns, Total: 14820400 ns
[2021-07-19T11:47:59.001+0000][34092][gc,start    ] GC(3) Pause Young (Normal) (G1 Evacuation Pause)
[2021-07-19T11:47:59.001+0000][34092][gc,task     ] GC(3) Using 8 workers of 8 for evacuation
[2021-07-19T11:47:59.001+0000][34092][gc,age      ] GC(3) Desired survivor size 16777216 bytes, new threshold 15 (max threshold 15)
[2021-07-19T11:47:59.013+0000][34092][gc,age      ] GC(3) Age table with threshold 15 (max threshold 15)
[2021-07-19T11:47:59.013+0000][34092][gc,age      ] GC(3) - age   1:    1912320 bytes,    1912320 total
[2021-07-19T11:47:59.013+0000][34092][gc,age      ] GC(3) - age   2:    1746536 bytes,    3658856 total
[2021-07-19T11:47:59.013+0000][34092][gc,age      ] GC(3) - age   3:    1683128 bytes,    5341984 total
[2021-07-19T11:47:59.013+0000][34092][gc,age      ] GC(3) - age   4:   10051560 bytes,   15393544 total
[2021-07-19T11:47:59.013+0000][34092][gc,phases   ] GC(3)   Pre Evacuate Collection Set: 0.1ms
[2021-07-19T11:47:59.013+0000][34092][gc,phases   ] GC(3)   Merge Heap Roots: 0.0ms
[2021-07-19T11:47:59.013+0000][34092][gc,phases   ] GC(3)   Evacuate Collection Set: 9.8ms
[2021-07-19T11:47:59.013+0000][34092][gc,phases   ] GC(3)   Post Evacuate Collection Set: 0.9ms
[2021-07-19T11:47:59.013+0000][34092][gc,phases   ] GC(3)   Other: 0.8ms
[2021-07-19T11:47:59.013+0000][34092][gc,heap     ] GC(3) Eden regions: 59->0(604)
[2021-07-19T11:47:59.013+0000][34092][gc,heap     ] GC(3) Survivor regions: 4->4(8)
[2021-07-19T11:47:59.013+0000][34092][gc,heap     ] GC(3) Old regions: 0->0
[2021-07-19T11:47:59.013+0000][34092][gc,heap     ] GC(3) Archive regions: 0->0
[2021-07-19T11:47:59.013+0000][34092][gc,heap     ] GC(3) Humongous regions: 0->0
[2021-07-19T11:47:59.013+0000][34092][gc,metaspace] GC(3) Metaspace: 19399K(20224K)->19399K(20224K) NonClass: 17087K(17664K)->17087K(17664K) Class: 2311K(2560K)->2311K(2560K)
[2021-07-19T11:47:59.013+0000][34092][gc          ] GC(3) Pause Young (Normal) (G1 Evacuation Pause) 250M->15M(4056M) 12.092ms
[2021-07-19T11:47:59.013+0000][34092][gc,cpu      ] GC(3) User=0.12s Sys=0.00s Real=0.01s
[2021-07-19T11:47:59.013+0000][34092][safepoint   ] Safepoint "G1CollectForAllocation", Time since last: 1001287100 ns, Reaching safepoint: 77000 ns, At safepoint: 12283500 ns, Total: 12360500 ns
[2021-07-19T11:48:00.028+0000][34092][safepoint   ] Safepoint "Cleanup", Time since last: 1013942500 ns, Reaching safepoint: 305100 ns, At safepoint: 18600 ns, Total: 323700 ns
[2021-07-19T11:48:01.059+0000][34092][safepoint   ] Safepoint "Cleanup", Time since last: 1011932900 ns, Reaching safepoint: 16036500 ns, At safepoint: 3498200 ns, Total: 19534700 ns
[2021-07-19T11:48:02.064+0000][34092][safepoint   ] Safepoint "Cleanup", Time since last: 1003809100 ns, Reaching safepoint: 78200 ns, At safepoint: 15100 ns, Total: 93300 ns
[2021-07-19T11:48:03.079+0000][34092][safepoint   ] Safepoint "Cleanup", Time since last: 1014577100 ns, Reaching safepoint: 147300 ns, At safepoint: 3500 ns, Total: 150800 ns
[2021-07-19T11:48:03.195+0000][34092][gc,start    ] GC(4) Pause Young (Concurrent Start) (Metadata GC Threshold)
[2021-07-19T11:48:03.196+0000][34092][gc,task     ] GC(4) Using 8 workers of 8 for evacuation
[2021-07-19T11:48:03.196+0000][34092][gc,age      ] GC(4) Desired survivor size 159383552 bytes, new threshold 15 (max threshold 15)
[2021-07-19T11:48:03.212+0000][34092][gc,age      ] GC(4) Age table with threshold 15 (max threshold 15)
[2021-07-19T11:48:03.212+0000][34092][gc,age      ] GC(4) - age   1:    4042344 bytes,    4042344 total
[2021-07-19T11:48:03.212+0000][34092][gc,age      ] GC(4) - age   2:    1118920 bytes,    5161264 total
[2021-07-19T11:48:03.212+0000][34092][gc,age      ] GC(4) - age   3:    1746536 bytes,    6907800 total
[2021-07-19T11:48:03.212+0000][34092][gc,age      ] GC(4) - age   4:    1678856 bytes,    8586656 total
[2021-07-19T11:48:03.212+0000][34092][gc,age      ] GC(4) - age   5:   10044120 bytes,   18630776 total
[2021-07-19T11:48:03.213+0000][34092][gc,phases   ] GC(4)   Pre Evacuate Collection Set: 0.1ms
[2021-07-19T11:48:03.213+0000][34092][gc,phases   ] GC(4)   Merge Heap Roots: 0.1ms
[2021-07-19T11:48:03.213+0000][34092][gc,phases   ] GC(4)   Evacuate Collection Set: 13.9ms
[2021-07-19T11:48:03.213+0000][34092][gc,phases   ] GC(4)   Post Evacuate Collection Set: 1.7ms
[2021-07-19T11:48:03.213+0000][34092][gc,phases   ] GC(4)   Other: 1.3ms
[2021-07-19T11:48:03.213+0000][34092][gc,heap     ] GC(4) Eden regions: 247->0(603)
[2021-07-19T11:48:03.213+0000][34092][gc,heap     ] GC(4) Survivor regions: 4->5(76)
[2021-07-19T11:48:03.213+0000][34092][gc,heap     ] GC(4) Old regions: 0->0
[2021-07-19T11:48:03.213+0000][34092][gc,heap     ] GC(4) Archive regions: 0->0
[2021-07-19T11:48:03.213+0000][34092][gc,heap     ] GC(4) Humongous regions: 0->0
[2021-07-19T11:48:03.213+0000][34092][gc,metaspace] GC(4) Metaspace: 20383K(21296K)->20383K(21296K) NonClass: 17928K(18608K)->17928K(18608K) Class: 2455K(2688K)->2455K(2688K)
[2021-07-19T11:48:03.213+0000][34092][gc          ] GC(4) Pause Young (Concurrent Start) (Metadata GC Threshold) 1003M->18M(4056M) 17.930ms
[2021-07-19T11:48:03.214+0000][34092][gc,cpu      ] GC(4) User=0.08s Sys=0.02s Real=0.02s
[2021-07-19T11:48:03.214+0000][34092][gc          ] GC(5) Concurrent Cycle
[2021-07-19T11:48:03.214+0000][34092][gc,marking  ] GC(5) Concurrent Clear Claimed Marks
[2021-07-19T11:48:03.214+0000][34092][safepoint   ] Safepoint "CollectForMetadataAllocation", Time since last: 117375600 ns, Reaching safepoint: 53600 ns, At safepoint: 18334800 ns, Total: 18388400 ns
[2021-07-19T11:48:03.214+0000][34092][gc,marking  ] GC(5) Concurrent Clear Claimed Marks 0.075ms
[2021-07-19T11:48:03.214+0000][34092][gc,marking  ] GC(5) Concurrent Scan Root Regions
[2021-07-19T11:48:03.224+0000][34092][gc,marking  ] GC(5) Concurrent Scan Root Regions 9.762ms
[2021-07-19T11:48:03.224+0000][34092][gc,marking  ] GC(5) Concurrent Mark (19.817s)
[2021-07-19T11:48:03.224+0000][34092][gc,marking  ] GC(5) Concurrent Mark From Roots
[2021-07-19T11:48:03.224+0000][34092][gc,task     ] GC(5) Using 2 workers of 2 for marking
[2021-07-19T11:48:03.225+0000][34092][gc,marking  ] GC(5) Concurrent Mark From Roots 0.692ms
[2021-07-19T11:48:03.225+0000][34092][gc,marking  ] GC(5) Concurrent Preclean
[2021-07-19T11:48:03.225+0000][34092][gc,marking  ] GC(5) Concurrent Preclean 0.152ms
[2021-07-19T11:48:03.225+0000][34092][gc,marking  ] GC(5) Concurrent Mark (19.817s, 19.818s) 1.172ms
[2021-07-19T11:48:03.225+0000][34092][gc,start    ] GC(5) Pause Remark
[2021-07-19T11:48:03.228+0000][34092][gc          ] GC(5) Pause Remark 20M->20M(4056M) 2.783ms
[2021-07-19T11:48:03.228+0000][34092][gc,cpu      ] GC(5) User=0.00s Sys=0.00s Real=0.00s
[2021-07-19T11:48:03.228+0000][34092][safepoint   ] Safepoint "G1Concurrent", Time since last: 11354100 ns, Reaching safepoint: 52600 ns, At safepoint: 3197900 ns, Total: 3250500 ns
[2021-07-19T11:48:03.229+0000][34092][gc,marking  ] GC(5) Concurrent Rebuild Remembered Sets
[2021-07-19T11:48:03.229+0000][34092][gc,marking  ] GC(5) Concurrent Rebuild Remembered Sets 0.192ms
[2021-07-19T11:48:03.230+0000][34092][gc,start    ] GC(5) Pause Cleanup
[2021-07-19T11:48:03.230+0000][34092][gc          ] GC(5) Pause Cleanup 20M->20M(4056M) 0.365ms
[2021-07-19T11:48:03.230+0000][34092][gc,cpu      ] GC(5) User=0.00s Sys=0.00s Real=0.00s
[2021-07-19T11:48:03.231+0000][34092][safepoint   ] Safepoint "G1Concurrent", Time since last: 426600 ns, Reaching safepoint: 1061600 ns, At safepoint: 1144400 ns, Total: 2206000 ns
[2021-07-19T11:48:03.231+0000][34092][gc,marking  ] GC(5) Concurrent Cleanup for Next Mark
[2021-07-19T11:48:03.238+0000][34092][gc,marking  ] GC(5) Concurrent Cleanup for Next Mark 6.819ms
[2021-07-19T11:48:03.238+0000][34092][gc          ] GC(5) Concurrent Cycle 24.625ms
[2021-07-19T11:48:04.409+0000][34092][safepoint   ] Safepoint "Cleanup", Time since last: 1177100700 ns, Reaching safepoint: 121400 ns, At safepoint: 10100 ns, Total: 131500 ns
[2021-07-19T11:48:05.422+0000][34092][safepoint   ] Safepoint "Cleanup", Time since last: 1012816800 ns, Reaching safepoint: 114400 ns, At safepoint: 16000 ns, Total: 130400 ns
[2021-07-19T11:48:06.431+0000][34092][safepoint   ] Safepoint "Cleanup", Time since last: 1009529300 ns, Reaching safepoint: 112400 ns, At safepoint: 16800 ns, Total: 129200 ns
[2021-07-19T11:48:08.464+0000][34092][safepoint   ] Safepoint "Cleanup", Time since last: 2016835400 ns, Reaching safepoint: 15506800 ns, At safepoint: 32200 ns, Total: 15539000 ns
[2021-07-19T11:48:10.036+0000][34092][safepoint   ] Safepoint "Cleanup", Time since last: 1573116300 ns, Reaching safepoint: 382100 ns, At safepoint: 12100 ns, Total: 394200 ns
[2021-07-19T11:48:11.047+0000][34092][safepoint   ] Safepoint "Cleanup", Time since last: 1009890600 ns, Reaching safepoint: 287000 ns, At safepoint: 13500 ns, Total: 300500 ns
[2021-07-19T11:48:12.055+0000][34092][safepoint   ] Safepoint "Cleanup", Time since last: 1007087100 ns, Reaching safepoint: 147000 ns, At safepoint: 13600 ns, Total: 160600 ns
[2021-07-19T11:48:13.063+0000][34092][safepoint   ] Safepoint "Cleanup", Time since last: 1008164300 ns, Reaching safepoint: 211400 ns, At safepoint: 167300 ns, Total: 378700 ns
[2021-07-19T11:48:13.735+0000][34092][gc,start    ] GC(6) Pause Young (Concurrent Start) (Metadata GC Threshold)
[2021-07-19T11:48:13.735+0000][34092][gc,task     ] GC(6) Using 8 workers of 8 for evacuation
[2021-07-19T11:48:13.736+0000][34092][gc,age      ] GC(6) Desired survivor size 159383552 bytes, new threshold 15 (max threshold 15)
[2021-07-19T11:48:13.796+0000][34092][gc,age      ] GC(6) Age table with threshold 15 (max threshold 15)
[2021-07-19T11:48:13.796+0000][34092][gc,age      ] GC(6) - age   1:   40310832 bytes,   40310832 total
[2021-07-19T11:48:13.796+0000][34092][gc,age      ] GC(6) - age   2:    3957240 bytes,   44268072 total
[2021-07-19T11:48:13.796+0000][34092][gc,age      ] GC(6) - age   3:    1106200 bytes,   45374272 total
[2021-07-19T11:48:13.796+0000][34092][gc,age      ] GC(6) - age   4:    1736224 bytes,   47110496 total
[2021-07-19T11:48:13.796+0000][34092][gc,age      ] GC(6) - age   5:    1667056 bytes,   48777552 total
[2021-07-19T11:48:13.796+0000][34092][gc,age      ] GC(6) - age   6:    9939616 bytes,   58717168 total
[2021-07-19T11:48:13.796+0000][34092][gc,phases   ] GC(6)   Pre Evacuate Collection Set: 0.2ms
[2021-07-19T11:48:13.796+0000][34092][gc,phases   ] GC(6)   Merge Heap Roots: 0.1ms
[2021-07-19T11:48:13.796+0000][34092][gc,phases   ] GC(6)   Evacuate Collection Set: 58.0ms
[2021-07-19T11:48:13.796+0000][34092][gc,phases   ] GC(6)   Post Evacuate Collection Set: 1.9ms
[2021-07-19T11:48:13.796+0000][34092][gc,phases   ] GC(6)   Other: 0.7ms
[2021-07-19T11:48:13.796+0000][34092][gc,heap     ] GC(6) Eden regions: 264->0(291)
[2021-07-19T11:48:13.796+0000][34092][gc,heap     ] GC(6) Survivor regions: 5->15(76)
[2021-07-19T11:48:13.797+0000][34092][gc,heap     ] GC(6) Old regions: 0->0
[2021-07-19T11:48:13.797+0000][34092][gc,heap     ] GC(6) Archive regions: 0->0
[2021-07-19T11:48:13.797+0000][34092][gc,heap     ] GC(6) Humongous regions: 0->0
[2021-07-19T11:48:13.797+0000][34092][gc,metaspace] GC(6) Metaspace: 33522K(35888K)->33522K(35888K) NonClass: 29253K(30896K)->29253K(30896K) Class: 4269K(4992K)->4269K(4992K)
[2021-07-19T11:48:13.797+0000][34092][gc          ] GC(6) Pause Young (Concurrent Start) (Metadata GC Threshold) 1074M->57M(4056M) 61.373ms
[2021-07-19T11:48:13.797+0000][34092][gc,cpu      ] GC(6) User=0.28s Sys=0.14s Real=0.06s
[2021-07-19T11:48:13.797+0000][34092][gc          ] GC(7) Concurrent Cycle
[2021-07-19T11:48:13.797+0000][34092][gc,marking  ] GC(7) Concurrent Clear Claimed Marks
[2021-07-19T11:48:13.797+0000][34092][gc,marking  ] GC(7) Concurrent Clear Claimed Marks 0.076ms
[2021-07-19T11:48:13.797+0000][34092][gc,marking  ] GC(7) Concurrent Scan Root Regions
[2021-07-19T11:48:13.813+0000][34092][safepoint   ] Safepoint "CollectForMetadataAllocation", Time since last: 671990700 ns, Reaching safepoint: 161200 ns, At safepoint: 77859500 ns, Total: 78020700 ns
[2021-07-19T11:48:13.828+0000][34092][gc,marking  ] GC(7) Concurrent Scan Root Regions 30.924ms
[2021-07-19T11:48:13.828+0000][34092][gc,marking  ] GC(7) Concurrent Mark (30.421s)
[2021-07-19T11:48:13.828+0000][34092][gc,marking  ] GC(7) Concurrent Mark From Roots
[2021-07-19T11:48:13.828+0000][34092][gc,task     ] GC(7) Using 2 workers of 2 for marking
[2021-07-19T11:48:13.829+0000][34092][gc,marking  ] GC(7) Concurrent Mark From Roots 0.388ms
[2021-07-19T11:48:13.829+0000][34092][gc,marking  ] GC(7) Concurrent Preclean
[2021-07-19T11:48:13.829+0000][34092][gc,marking  ] GC(7) Concurrent Preclean 0.154ms
[2021-07-19T11:48:13.829+0000][34092][gc,marking  ] GC(7) Concurrent Mark (30.421s, 30.422s) 0.784ms
[2021-07-19T11:48:13.829+0000][34092][gc,start    ] GC(7) Pause Remark
[2021-07-19T11:48:13.831+0000][34092][gc          ] GC(7) Pause Remark 61M->61M(4056M) 2.124ms
[2021-07-19T11:48:13.832+0000][34092][gc,cpu      ] GC(7) User=0.00s Sys=0.00s Real=0.00s
[2021-07-19T11:48:13.832+0000][34092][safepoint   ] Safepoint "G1Concurrent", Time since last: 15821300 ns, Reaching safepoint: 83200 ns, At safepoint: 2322400 ns, Total: 2405600 ns
[2021-07-19T11:48:13.832+0000][34092][gc,marking  ] GC(7) Concurrent Rebuild Remembered Sets
[2021-07-19T11:48:13.832+0000][34092][gc,marking  ] GC(7) Concurrent Rebuild Remembered Sets 0.193ms
[2021-07-19T11:48:13.849+0000][34092][gc,start    ] GC(7) Pause Cleanup
[2021-07-19T11:48:13.850+0000][34092][gc          ] GC(7) Pause Cleanup 61M->61M(4056M) 0.472ms
[2021-07-19T11:48:13.850+0000][34092][gc,cpu      ] GC(7) User=0.06s Sys=0.03s Real=0.00s
[2021-07-19T11:48:13.850+0000][34092][safepoint   ] Safepoint "G1Concurrent", Time since last: 369500 ns, Reaching safepoint: 17521800 ns, At safepoint: 827400 ns, Total: 18349200 ns
[2021-07-19T11:48:13.850+0000][34092][gc,marking  ] GC(7) Concurrent Cleanup for Next Mark
[2021-07-19T11:48:13.856+0000][34092][gc,marking  ] GC(7) Concurrent Cleanup for Next Mark 6.243ms
[2021-07-19T11:48:13.857+0000][34092][gc          ] GC(7) Concurrent Cycle 59.873ms
[2021-07-19T11:48:14.857+0000][34092][safepoint   ] Safepoint "Cleanup", Time since last: 1005877600 ns, Reaching safepoint: 808500 ns, At safepoint: 183100 ns, Total: 991600 ns
[2021-07-19T11:48:16.386+0000][34092][safepoint   ] Safepoint "Cleanup", Time since last: 1528973800 ns, Reaching safepoint: 190600 ns, At safepoint: 34000 ns, Total: 224600 ns
[2021-07-19T11:48:17.401+0000][34092][safepoint   ] Safepoint "Cleanup", Time since last: 1015131900 ns, Reaching safepoint: 284200 ns, At safepoint: 133100 ns, Total: 417300 ns
[2021-07-19T11:48:18.432+0000][34092][safepoint   ] Safepoint "Cleanup", Time since last: 1013400500 ns, Reaching safepoint: 15914400 ns, At safepoint: 1239500 ns, Total: 17153900 ns
[2021-07-19T11:48:19.537+0000][34092][safepoint   ] Safepoint "Cleanup", Time since last: 1104681700 ns, Reaching safepoint: 246800 ns, At safepoint: 18500 ns, Total: 265300 ns
[2021-07-19T11:48:20.247+0000][34092][gc,start    ] GC(8) Pause Young (Concurrent Start) (Metadata GC Threshold)
[2021-07-19T11:48:20.247+0000][34092][gc,task     ] GC(8) Using 8 workers of 8 for evacuation
[2021-07-19T11:48:20.247+0000][34092][gc,age      ] GC(8) Desired survivor size 81788928 bytes, new threshold 15 (max threshold 15)
[2021-07-19T11:48:20.308+0000][34092][gc,age      ] GC(8) Age table with threshold 15 (max threshold 15)
[2021-07-19T11:48:20.308+0000][34092][gc,age      ] GC(8) - age   1:    9850480 bytes,    9850480 total
[2021-07-19T11:48:20.308+0000][34092][gc,age      ] GC(8) - age   2:   39956960 bytes,   49807440 total
[2021-07-19T11:48:20.309+0000][34092][gc,age      ] GC(8) - age   3:    3943376 bytes,   53750816 total
[2021-07-19T11:48:20.309+0000][34092][gc,age      ] GC(8) - age   4:    1094400 bytes,   54845216 total
[2021-07-19T11:48:20.309+0000][34092][gc,age      ] GC(8) - age   5:    1728800 bytes,   56574016 total
[2021-07-19T11:48:20.309+0000][34092][gc,age      ] GC(8) - age   6:    1663240 bytes,   58237256 total
[2021-07-19T11:48:20.309+0000][34092][gc,age      ] GC(8) - age   7:    9886344 bytes,   68123600 total
[2021-07-19T11:48:20.309+0000][34092][gc,phases   ] GC(8)   Pre Evacuate Collection Set: 0.2ms
[2021-07-19T11:48:20.309+0000][34092][gc,phases   ] GC(8)   Merge Heap Roots: 0.1ms
[2021-07-19T11:48:20.309+0000][34092][gc,phases   ] GC(8)   Evacuate Collection Set: 57.5ms
[2021-07-19T11:48:20.309+0000][34092][gc,phases   ] GC(8)   Post Evacuate Collection Set: 2.6ms
[2021-07-19T11:48:20.309+0000][34092][gc,phases   ] GC(8)   Other: 1.4ms
[2021-07-19T11:48:20.309+0000][34092][gc,heap     ] GC(8) Eden regions: 95->0(55)
[2021-07-19T11:48:20.309+0000][34092][gc,heap     ] GC(8) Survivor regions: 15->18(39)
[2021-07-19T11:48:20.309+0000][34092][gc,heap     ] GC(8) Old regions: 0->0
[2021-07-19T11:48:20.310+0000][34092][gc,heap     ] GC(8) Archive regions: 0->0
[2021-07-19T11:48:20.310+0000][34092][gc,heap     ] GC(8) Humongous regions: 0->0
[2021-07-19T11:48:20.310+0000][34092][gc,metaspace] GC(8) Metaspace: 57202K(60240K)->57202K(60240K) NonClass: 49702K(51792K)->49702K(51792K) Class: 7499K(8448K)->7499K(8448K)
[2021-07-19T11:48:20.310+0000][34092][gc          ] GC(8) Pause Young (Concurrent Start) (Metadata GC Threshold) 437M->69M(4056M) 62.285ms
[2021-07-19T11:48:20.310+0000][34092][gc,cpu      ] GC(8) User=0.45s Sys=0.00s Real=0.06s
[2021-07-19T11:48:20.310+0000][34092][gc          ] GC(9) Concurrent Cycle
[2021-07-19T11:48:20.310+0000][34092][gc,marking  ] GC(9) Concurrent Clear Claimed Marks
[2021-07-19T11:48:20.310+0000][34092][safepoint   ] Safepoint "CollectForMetadataAllocation", Time since last: 709917500 ns, Reaching safepoint: 186300 ns, At safepoint: 62656100 ns, Total: 62842400 ns
[2021-07-19T11:48:20.310+0000][34092][gc,marking  ] GC(9) Concurrent Clear Claimed Marks 0.118ms
[2021-07-19T11:48:20.310+0000][34092][gc,marking  ] GC(9) Concurrent Scan Root Regions
[2021-07-19T11:48:20.358+0000][34092][gc,marking  ] GC(9) Concurrent Scan Root Regions 47.833ms
[2021-07-19T11:48:20.358+0000][34092][gc,marking  ] GC(9) Concurrent Mark (36.951s)
[2021-07-19T11:48:20.358+0000][34092][gc,marking  ] GC(9) Concurrent Mark From Roots
[2021-07-19T11:48:20.358+0000][34092][gc,task     ] GC(9) Using 2 workers of 2 for marking
[2021-07-19T11:48:20.359+0000][34092][gc,marking  ] GC(9) Concurrent Mark From Roots 0.464ms
[2021-07-19T11:48:20.359+0000][34092][gc,marking  ] GC(9) Concurrent Preclean
[2021-07-19T11:48:20.359+0000][34092][gc,marking  ] GC(9) Concurrent Preclean 0.219ms
[2021-07-19T11:48:20.359+0000][34092][gc,marking  ] GC(9) Concurrent Mark (36.951s, 36.952s) 0.953ms
[2021-07-19T11:48:20.359+0000][34092][gc,start    ] GC(9) Pause Remark
[2021-07-19T11:48:20.363+0000][34092][gc          ] GC(9) Pause Remark 74M->74M(4056M) 3.600ms
[2021-07-19T11:48:20.363+0000][34092][gc,cpu      ] GC(9) User=0.00s Sys=0.00s Real=0.00s
[2021-07-19T11:48:20.363+0000][34092][safepoint   ] Safepoint "G1Concurrent", Time since last: 49217300 ns, Reaching safepoint: 84400 ns, At safepoint: 3793900 ns, Total: 3878300 ns
[2021-07-19T11:48:20.363+0000][34092][gc,marking  ] GC(9) Concurrent Rebuild Remembered Sets
[2021-07-19T11:48:20.363+0000][34092][gc,marking  ] GC(9) Concurrent Rebuild Remembered Sets 0.138ms
[2021-07-19T11:48:20.364+0000][34092][gc,start    ] GC(9) Pause Cleanup
[2021-07-19T11:48:20.364+0000][34092][gc          ] GC(9) Pause Cleanup 74M->74M(4056M) 0.213ms
[2021-07-19T11:48:20.364+0000][34092][gc,cpu      ] GC(9) User=0.00s Sys=0.00s Real=0.00s
[2021-07-19T11:48:20.365+0000][34092][safepoint   ] Safepoint "G1Concurrent", Time since last: 267200 ns, Reaching safepoint: 684000 ns, At safepoint: 351800 ns, Total: 1035800 ns
[2021-07-19T11:48:20.365+0000][34092][gc,marking  ] GC(9) Concurrent Cleanup for Next Mark
[2021-07-19T11:48:20.374+0000][34092][gc,marking  ] GC(9) Concurrent Cleanup for Next Mark 9.287ms
[2021-07-19T11:48:20.374+0000][34092][gc          ] GC(9) Concurrent Cycle 64.093ms
[2021-07-19T11:48:21.379+0000][34092][safepoint   ] Safepoint "Cleanup", Time since last: 1014304400 ns, Reaching safepoint: 209200 ns, At safepoint: 35700 ns, Total: 244900 ns
[2021-07-19T11:48:22.488+0000][34092][safepoint   ] Safepoint "Cleanup", Time since last: 1109181100 ns, Reaching safepoint: 239600 ns, At safepoint: 15300 ns, Total: 254900 ns
[2021-07-19T11:48:23.670+0000][34092][safepoint   ] Safepoint "Cleanup", Time since last: 1179206500 ns, Reaching safepoint: 2459400 ns, At safepoint: 116300 ns, Total: 2575700 ns
[2021-07-19T11:48:24.671+0000][34092][safepoint   ] Safepoint "Cleanup", Time since last: 1000891700 ns, Reaching safepoint: 316100 ns, At safepoint: 138600 ns, Total: 454700 ns
[2021-07-19T11:48:25.675+0000][34092][safepoint   ] Safepoint "Cleanup", Time since last: 1003579900 ns, Reaching safepoint: 94100 ns, At safepoint: 3800 ns, Total: 97900 ns
[2021-07-19T11:48:26.560+0000][34092][gc,start    ] GC(10) Pause Young (Normal) (G1 Evacuation Pause)
[2021-07-19T11:48:26.560+0000][34092][gc,task     ] GC(10) Using 8 workers of 8 for evacuation
[2021-07-19T11:48:26.560+0000][34092][gc,age      ] GC(10) Desired survivor size 20971520 bytes, new threshold 2 (max threshold 15)
[2021-07-19T11:48:26.659+0000][34092][gc,age      ] GC(10) Age table with threshold 2 (max threshold 15)
[2021-07-19T11:48:26.659+0000][34092][gc,age      ] GC(10) - age   1:    9158920 bytes,    9158920 total
[2021-07-19T11:48:26.659+0000][34092][gc,age      ] GC(10) - age   2:    9591288 bytes,   18750208 total
[2021-07-19T11:48:26.659+0000][34092][gc,phases   ] GC(10)   Pre Evacuate Collection Set: 0.1ms
[2021-07-19T11:48:26.659+0000][34092][gc,phases   ] GC(10)   Merge Heap Roots: 0.1ms
[2021-07-19T11:48:26.660+0000][34092][gc,phases   ] GC(10)   Evacuate Collection Set: 96.9ms
[2021-07-19T11:48:26.660+0000][34092][gc,phases   ] GC(10)   Post Evacuate Collection Set: 2.6ms
[2021-07-19T11:48:26.660+0000][34092][gc,phases   ] GC(10)   Other: 0.9ms
[2021-07-19T11:48:26.660+0000][34092][gc,heap     ] GC(10) Eden regions: 55->0(386)
[2021-07-19T11:48:26.660+0000][34092][gc,heap     ] GC(10) Survivor regions: 18->6(10)
[2021-07-19T11:48:26.660+0000][34092][gc,heap     ] GC(10) Old regions: 0->15
[2021-07-19T11:48:26.660+0000][34092][gc,heap     ] GC(10) Archive regions: 0->0
[2021-07-19T11:48:26.660+0000][34092][gc,heap     ] GC(10) Humongous regions: 0->0
[2021-07-19T11:48:26.660+0000][34092][gc,metaspace] GC(10) Metaspace: 76586K(80336K)->76586K(80336K) NonClass: 66465K(69200K)->66465K(69200K) Class: 10121K(11136K)->10121K(11136K)
[2021-07-19T11:48:26.660+0000][34092][gc          ] GC(10) Pause Young (Normal) (G1 Evacuation Pause) 289M->78M(4056M) 101.544ms
[2021-07-19T11:48:26.661+0000][34092][gc,cpu      ] GC(10) User=0.45s Sys=0.19s Real=0.10s
[2021-07-19T11:48:26.661+0000][34092][safepoint   ] Safepoint "G1CollectForAllocation", Time since last: 884125900 ns, Reaching safepoint: 230700 ns, At safepoint: 101841800 ns, Total: 102072500 ns
[2021-07-19T11:48:28.007+0000][34092][safepoint   ] Safepoint "Cleanup", Time since last: 1345562300 ns, Reaching safepoint: 655100 ns, At safepoint: 19600 ns, Total: 674700 ns
[2021-07-19T11:48:29.268+0000][34092][safepoint   ] Safepoint "Cleanup", Time since last: 1261234600 ns, Reaching safepoint: 133200 ns, At safepoint: 16000 ns, Total: 149200 ns
[2021-07-19T11:48:30.276+0000][34092][safepoint   ] Safepoint "Cleanup", Time since last: 1006684900 ns, Reaching safepoint: 164300 ns, At safepoint: 5900 ns, Total: 170200 ns
[2021-07-19T11:48:31.282+0000][34092][safepoint   ] Safepoint "Cleanup", Time since last: 1005892700 ns, Reaching safepoint: 379200 ns, At safepoint: 22400 ns, Total: 401600 ns
[2021-07-19T11:48:33.285+0000][34092][safepoint   ] Safepoint "Cleanup", Time since last: 2003520700 ns, Reaching safepoint: 431400 ns, At safepoint: 36300 ns, Total: 467700 ns
[2021-07-19T11:48:34.263+0000][34092][safepoint   ] Safepoint "ICBufferFull", Time since last: 976971200 ns, Reaching safepoint: 249800 ns, At safepoint: 20800 ns, Total: 270600 ns
[2021-07-19T11:48:34.886+0000][34092][safepoint   ] Safepoint "ICBufferFull", Time since last: 622026800 ns, Reaching safepoint: 192400 ns, At safepoint: 15100 ns, Total: 207500 ns
[2021-07-19T11:48:35.515+0000][34092][safepoint   ] Safepoint "ICBufferFull", Time since last: 629535400 ns, Reaching safepoint: 257400 ns, At safepoint: 18100 ns, Total: 275500 ns
[2021-07-19T11:48:36.525+0000][34092][safepoint   ] Safepoint "Cleanup", Time since last: 1009212300 ns, Reaching safepoint: 495700 ns, At safepoint: 20500 ns, Total: 516200 ns
[2021-07-19T11:48:37.053+0000][34092][safepoint   ] Safepoint "ICBufferFull", Time since last: 527272400 ns, Reaching safepoint: 435200 ns, At safepoint: 24600 ns, Total: 459800 ns
[2021-07-19T11:48:38.064+0000][34092][safepoint   ] Safepoint "Cleanup", Time since last: 1011176700 ns, Reaching safepoint: 389500 ns, At safepoint: 19800 ns, Total: 409300 ns
[2021-07-19T11:48:39.078+0000][34092][safepoint   ] Safepoint "Cleanup", Time since last: 1012867500 ns, Reaching safepoint: 210600 ns, At safepoint: 24700 ns, Total: 235300 ns
[2021-07-19T11:48:40.084+0000][34092][safepoint   ] Safepoint "Cleanup", Time since last: 1006325100 ns, Reaching safepoint: 161200 ns, At safepoint: 7000 ns, Total: 168200 ns
[2021-07-19T11:48:47.144+0000][34092][safepoint   ] Safepoint "Cleanup", Time since last: 7059570100 ns, Reaching safepoint: 115800 ns, At safepoint: 14200 ns, Total: 130000 ns
[2021-07-19T11:48:49.153+0000][34092][safepoint   ] Safepoint "Cleanup", Time since last: 2009055700 ns, Reaching safepoint: 103600 ns, At safepoint: 14000 ns, Total: 117600 ns
[2021-07-19T11:48:50.153+0000][34092][safepoint   ] Safepoint "Cleanup", Time since last: 1000320400 ns, Reaching safepoint: 105300 ns, At safepoint: 13300 ns, Total: 118600 ns
[2021-07-19T11:48:54.188+0000][34092][safepoint   ] Safepoint "Cleanup", Time since last: 4033917000 ns, Reaching safepoint: 149500 ns, At safepoint: 13600 ns, Total: 163100 ns
[2021-07-19T11:48:59.229+0000][34092][safepoint   ] Safepoint "Cleanup", Time since last: 5040900200 ns, Reaching safepoint: 111500 ns, At safepoint: 27300 ns, Total: 138800 ns
[2021-07-19T11:49:00.233+0000][34092][safepoint   ] Safepoint "Cleanup", Time since last: 1004232900 ns, Reaching safepoint: 156700 ns, At safepoint: 17400 ns, Total: 174100 ns
[2021-07-19T11:49:05.269+0000][34092][safepoint   ] Safepoint "Cleanup", Time since last: 5035934300 ns, Reaching safepoint: 114800 ns, At safepoint: 17500 ns, Total: 132300 ns
[2021-07-19T11:49:06.279+0000][34092][safepoint   ] Safepoint "Cleanup", Time since last: 1009320300 ns, Reaching safepoint: 186100 ns, At safepoint: 17700 ns, Total: 203800 ns
[2021-07-19T11:49:09.304+0000][34092][safepoint   ] Safepoint "Cleanup", Time since last: 3025382400 ns, Reaching safepoint: 369400 ns, At safepoint: 78400 ns, Total: 447800 ns
[2021-07-19T11:49:15.349+0000][34092][safepoint   ] Safepoint "Cleanup", Time since last: 6044031300 ns, Reaching safepoint: 111200 ns, At safepoint: 15300 ns, Total: 126500 ns
[2021-07-19T11:49:16.352+0000][34092][safepoint   ] Safepoint "Cleanup", Time since last: 1003394000 ns, Reaching safepoint: 130900 ns, At safepoint: 4500 ns, Total: 135400 ns
[2021-07-19T11:49:23.410+0000][34092][safepoint   ] Safepoint "Cleanup", Time since last: 7058347500 ns, Reaching safepoint: 125900 ns, At safepoint: 19900 ns, Total: 145800 ns
[2021-07-19T11:49:24.412+0000][34092][safepoint   ] Safepoint "Cleanup", Time since last: 1001386800 ns, Reaching safepoint: 110900 ns, At safepoint: 3900 ns, Total: 114800 ns
[2021-07-19T11:49:30.468+0000][34092][safepoint   ] Safepoint "Cleanup", Time since last: 6055861600 ns, Reaching safepoint: 243400 ns, At safepoint: 7600 ns, Total: 251000 ns
[2021-07-19T11:49:33.495+0000][34092][safepoint   ] Safepoint "Cleanup", Time since last: 3027138700 ns, Reaching safepoint: 123400 ns, At safepoint: 17300 ns, Total: 140700 ns
[2021-07-19T11:49:47.590+0000][34092][safepoint   ] Safepoint "Cleanup", Time since last: 14094352300 ns, Reaching safepoint: 218900 ns, At safepoint: 16600 ns, Total: 235500 ns
[2021-07-19T11:49:52.636+0000][34092][safepoint   ] Safepoint "Cleanup", Time since last: 5045458700 ns, Reaching safepoint: 145800 ns, At safepoint: 5200 ns, Total: 151000 ns
[2021-07-19T11:50:01.691+0000][34092][safepoint   ] Safepoint "Cleanup", Time since last: 9054742200 ns, Reaching safepoint: 96000 ns, At safepoint: 14500 ns, Total: 110500 ns
[2021-07-19T11:50:02.705+0000][34092][safepoint   ] Safepoint "Cleanup", Time since last: 1014488000 ns, Reaching safepoint: 129100 ns, At safepoint: 22300 ns, Total: 151400 ns
[2021-07-19T11:50:35.955+0000][34092][safepoint   ] Safepoint "Cleanup", Time since last: 33249786600 ns, Reaching safepoint: 100700 ns, At safepoint: 14200 ns, Total: 114900 ns
[2021-07-19T11:50:36.970+0000][34092][safepoint   ] Safepoint "Cleanup", Time since last: 1014477400 ns, Reaching safepoint: 128700 ns, At safepoint: 26800 ns, Total: 155500 ns
[2021-07-19T11:50:38.996+0000][34092][safepoint   ] Safepoint "Cleanup", Time since last: 2025724900 ns, Reaching safepoint: 98500 ns, At safepoint: 14200 ns, Total: 112700 ns
[2021-07-19T11:50:51.093+0000][34092][safepoint   ] Safepoint "Cleanup", Time since last: 12097421800 ns, Reaching safepoint: 98600 ns, At safepoint: 105900 ns, Total: 204500 ns
[2021-07-19T11:51:01.170+0000][34092][safepoint   ] Safepoint "Cleanup", Time since last: 10076553500 ns, Reaching safepoint: 94700 ns, At safepoint: 18300 ns, Total: 113000 ns
[2021-07-19T11:51:04.214+0000][34092][safepoint   ] Safepoint "Cleanup", Time since last: 3044085200 ns, Reaching safepoint: 116000 ns, At safepoint: 18200 ns, Total: 134200 ns
[2021-07-19T11:51:07.227+0000][34092][safepoint   ] Safepoint "Cleanup", Time since last: 3013018000 ns, Reaching safepoint: 153500 ns, At safepoint: 25100 ns, Total: 178600 ns
[2021-07-19T11:51:11.272+0000][34092][safepoint   ] Safepoint "Cleanup", Time since last: 4045189600 ns, Reaching safepoint: 183500 ns, At safepoint: 28100 ns, Total: 211600 ns
[2021-07-19T11:51:16.324+0000][34092][safepoint   ] Safepoint "Cleanup", Time since last: 5051442100 ns, Reaching safepoint: 110700 ns, At safepoint: 16100 ns, Total: 126800 ns
[2021-07-19T11:51:23.389+0000][34092][safepoint   ] Safepoint "Cleanup", Time since last: 7064359900 ns, Reaching safepoint: 119400 ns, At safepoint: 10200 ns, Total: 129600 ns
[2021-07-19T11:51:34.439+0000][34092][safepoint   ] Safepoint "Cleanup", Time since last: 11050285800 ns, Reaching safepoint: 113600 ns, At safepoint: 15900 ns, Total: 129500 ns
[2021-07-19T11:51:36.470+0000][34092][safepoint   ] Safepoint "Cleanup", Time since last: 2030362100 ns, Reaching safepoint: 139700 ns, At safepoint: 20600 ns, Total: 160300 ns
[2021-07-19T11:51:41.531+0000][34092][safepoint   ] Safepoint "Cleanup", Time since last: 5061229300 ns, Reaching safepoint: 121300 ns, At safepoint: 58700 ns, Total: 180000 ns
[2021-07-19T11:51:54.637+0000][34092][safepoint   ] Safepoint "Cleanup", Time since last: 13105635900 ns, Reaching safepoint: 103900 ns, At safepoint: 15800 ns, Total: 119700 ns
[2021-07-19T11:52:03.722+0000][34092][safepoint   ] Safepoint "Cleanup", Time since last: 9085058100 ns, Reaching safepoint: 129800 ns, At safepoint: 13800 ns, Total: 143600 ns
[2021-07-19T11:52:21.875+0000][34092][safepoint   ] Safepoint "Cleanup", Time since last: 18153325400 ns, Reaching safepoint: 100600 ns, At safepoint: 18600 ns, Total: 119200 ns
[2021-07-19T11:52:33.952+0000][34092][safepoint   ] Safepoint "Cleanup", Time since last: 12076016300 ns, Reaching safepoint: 101300 ns, At safepoint: 5500 ns, Total: 106800 ns
[2021-07-19T11:53:06.263+0000][34092][safepoint   ] Safepoint "Cleanup", Time since last: 32311249200 ns, Reaching safepoint: 96700 ns, At safepoint: 14400 ns, Total: 111100 ns
[2021-07-19T11:53:08.263+0000][34092][safepoint   ] Safepoint "Cleanup", Time since last: 2000345900 ns, Reaching safepoint: 115800 ns, At safepoint: 22400 ns, Total: 138200 ns
[2021-07-19T11:53:29.418+0000][34092][safepoint   ] Safepoint "Cleanup", Time since last: 21154712200 ns, Reaching safepoint: 138700 ns, At safepoint: 65100 ns, Total: 203800 ns
[2021-07-19T11:53:34.446+0000][34092][safepoint   ] Safepoint "Cleanup", Time since last: 5027294000 ns, Reaching safepoint: 144100 ns, At safepoint: 16700 ns, Total: 160800 ns
[2021-07-19T11:54:40.950+0000][34092][safepoint   ] Safepoint "Cleanup", Time since last: 66504088800 ns, Reaching safepoint: 225600 ns, At safepoint: 44000 ns, Total: 269600 ns
[2021-07-19T11:56:04.541+0000][34092][safepoint   ] Safepoint "Cleanup", Time since last: 83591284400 ns, Reaching safepoint: 98600 ns, At safepoint: 18600 ns, Total: 117200 ns
[2021-07-19T11:56:16.667+0000][34092][safepoint   ] Safepoint "Cleanup", Time since last: 12125412600 ns, Reaching safepoint: 295700 ns, At safepoint: 9900 ns, Total: 305600 ns
[2021-07-19T11:56:21.710+0000][34092][safepoint   ] Safepoint "Cleanup", Time since last: 5042392300 ns, Reaching safepoint: 123300 ns, At safepoint: 15900 ns, Total: 139200 ns
[2021-07-19T11:56:28.758+0000][34092][safepoint   ] Safepoint "Cleanup", Time since last: 7047843700 ns, Reaching safepoint: 111300 ns, At safepoint: 19800 ns, Total: 131100 ns
[2021-07-19T11:57:22.147+0000][34092][safepoint   ] Safepoint "Cleanup", Time since last: 53387798900 ns, Reaching safepoint: 831300 ns, At safepoint: 77900 ns, Total: 909200 ns
[2021-07-19T11:57:34.263+0000][34092][safepoint   ] Safepoint "Cleanup", Time since last: 12116191100 ns, Reaching safepoint: 211100 ns, At safepoint: 11700 ns, Total: 222800 ns
[2021-07-19T11:57:58.436+0000][34092][safepoint   ] Safepoint "Cleanup", Time since last: 24172974500 ns, Reaching safepoint: 233700 ns, At safepoint: 49400 ns, Total: 283100 ns
[2021-07-19T11:58:28.629+0000][34092][safepoint   ] Safepoint "Cleanup", Time since last: 30192385800 ns, Reaching safepoint: 223500 ns, At safepoint: 36500 ns, Total: 260000 ns
[2021-07-19T12:00:07.375+0000][34092][safepoint   ] Safepoint "Cleanup", Time since last: 98745451100 ns, Reaching safepoint: 201600 ns, At safepoint: 24500 ns, Total: 226100 ns
[2021-07-19T12:00:16.465+0000][34092][safepoint   ] Safepoint "Cleanup", Time since last: 9090756600 ns, Reaching safepoint: 215300 ns, At safepoint: 12100 ns, Total: 227400 ns
[2021-07-19T12:01:34.070+0000][34092][safepoint   ] Safepoint "Cleanup", Time since last: 77604481000 ns, Reaching safepoint: 273600 ns, At safepoint: 41100 ns, Total: 314700 ns
[2021-07-19T12:02:34.557+0000][34092][safepoint   ] Safepoint "Cleanup", Time since last: 60486328600 ns, Reaching safepoint: 324500 ns, At safepoint: 32600 ns, Total: 357100 ns
[2021-07-19T12:03:04.731+0000][34092][safepoint   ] Safepoint "Cleanup", Time since last: 30173586400 ns, Reaching safepoint: 327300 ns, At safepoint: 129500 ns, Total: 456800 ns
[2021-07-19T12:03:33.928+0000][34092][safepoint   ] Safepoint "Cleanup", Time since last: 29196605200 ns, Reaching safepoint: 206300 ns, At safepoint: 16100 ns, Total: 222400 ns
[2021-07-19T12:03:51.043+0000][34092][safepoint   ] Safepoint "Cleanup", Time since last: 17114846900 ns, Reaching safepoint: 268800 ns, At safepoint: 17200 ns, Total: 286000 ns
[2021-07-19T12:04:07.173+0000][34092][safepoint   ] Safepoint "Cleanup", Time since last: 16130366700 ns, Reaching safepoint: 227000 ns, At safepoint: 15400 ns, Total: 242400 ns
[2021-07-19T12:06:20.190+0000][34092][safepoint   ] Safepoint "Cleanup", Time since last: 133016305900 ns, Reaching safepoint: 202200 ns, At safepoint: 31300 ns, Total: 233500 ns
[2021-07-19T12:06:56.437+0000][34092][safepoint   ] Safepoint "Cleanup", Time since last: 36246650300 ns, Reaching safepoint: 182800 ns, At safepoint: 16700 ns, Total: 199500 ns
[2021-07-19T12:06:57.439+0000][34092][safepoint   ] Safepoint "Cleanup", Time since last: 1001376800 ns, Reaching safepoint: 194200 ns, At safepoint: 41700 ns, Total: 235900 ns
[2021-07-19T12:06:59.455+0000][34092][safepoint   ] Safepoint "Cleanup", Time since last: 2015710800 ns, Reaching safepoint: 223200 ns, At safepoint: 33400 ns, Total: 256600 ns
[2021-07-19T12:07:04.501+0000][34092][safepoint   ] Safepoint "Cleanup", Time since last: 5045730000 ns, Reaching safepoint: 154700 ns, At safepoint: 25500 ns, Total: 180200 ns
[2021-07-19T12:07:06.525+0000][34092][safepoint   ] Safepoint "Cleanup", Time since last: 2023822000 ns, Reaching safepoint: 192500 ns, At safepoint: 52200 ns, Total: 244700 ns
[2021-07-19T12:08:16.008+0000][34092][safepoint   ] Safepoint "Cleanup", Time since last: 69483902500 ns, Reaching safepoint: 99100 ns, At safepoint: 12300 ns, Total: 111400 ns
[2021-07-19T12:09:08.785+0000][34092][gc,start    ] GC(11) Pause Young (Normal) (G1 Evacuation Pause)
[2021-07-19T12:09:08.786+0000][34092][gc,task     ] GC(11) Using 8 workers of 8 for evacuation
[2021-07-19T12:09:08.789+0000][34092][gc,age      ] GC(11) Desired survivor size 100663296 bytes, new threshold 15 (max threshold 15)
[2021-07-19T12:09:08.896+0000][34092][gc,age      ] GC(11) Age table with threshold 15 (max threshold 15)
[2021-07-19T12:09:08.896+0000][34092][gc,age      ] GC(11) - age   1:   11655376 bytes,   11655376 total
[2021-07-19T12:09:08.897+0000][34092][gc,age      ] GC(11) - age   2:    8518528 bytes,   20173904 total
[2021-07-19T12:09:08.897+0000][34092][gc,age      ] GC(11) - age   3:    9329120 bytes,   29503024 total
[2021-07-19T12:09:08.898+0000][34092][gc,phases   ] GC(11)   Pre Evacuate Collection Set: 4.8ms
[2021-07-19T12:09:08.898+0000][34092][gc,phases   ] GC(11)   Merge Heap Roots: 2.6ms
[2021-07-19T12:09:08.898+0000][34092][gc,phases   ] GC(11)   Evacuate Collection Set: 81.8ms
[2021-07-19T12:09:08.898+0000][34092][gc,phases   ] GC(11)   Post Evacuate Collection Set: 19.3ms
[2021-07-19T12:09:08.898+0000][34092][gc,phases   ] GC(11)   Other: 6.6ms
[2021-07-19T12:09:08.898+0000][34092][gc,heap     ] GC(11) Eden regions: 371->0(398)
[2021-07-19T12:09:08.898+0000][34092][gc,heap     ] GC(11) Survivor regions: 6->8(48)
[2021-07-19T12:09:08.898+0000][34092][gc,heap     ] GC(11) Old regions: 15->15
[2021-07-19T12:09:08.898+0000][34092][gc,heap     ] GC(11) Archive regions: 0->0
[2021-07-19T12:09:08.899+0000][34092][gc,heap     ] GC(11) Humongous regions: 2->2
[2021-07-19T12:09:08.899+0000][34092][gc,metaspace] GC(11) Metaspace: 96486K(100304K)->96486K(100304K) NonClass: 83563K(86096K)->83563K(86096K) Class: 12923K(14208K)->12923K(14208K)
[2021-07-19T12:09:08.900+0000][34092][gc          ] GC(11) Pause Young (Normal) (G1 Evacuation Pause) 1570M->96M(4056M) 114.406ms
[2021-07-19T12:09:08.900+0000][34092][gc,cpu      ] GC(11) User=0.23s Sys=0.14s Real=0.12s
[2021-07-19T12:09:08.900+0000][34092][safepoint   ] Safepoint "G1CollectForAllocation", Time since last: 52772783300 ns, Reaching safepoint: 1313200 ns, At safepoint: 117547600 ns, Total: 118860800 ns
[2021-07-19T12:10:10.331+0000][34092][safepoint   ] Safepoint "Cleanup", Time since last: 61430757100 ns, Reaching safepoint: 145600 ns, At safepoint: 36500 ns, Total: 182100 ns
[2021-07-19T12:10:29.463+0000][34092][safepoint   ] Safepoint "Cleanup", Time since last: 19132173700 ns, Reaching safepoint: 116900 ns, At safepoint: 5100 ns, Total: 122000 ns
[2021-07-19T12:10:34.509+0000][34092][safepoint   ] Safepoint "Cleanup", Time since last: 5046019100 ns, Reaching safepoint: 223400 ns, At safepoint: 54400 ns, Total: 277800 ns
[2021-07-19T12:11:35.026+0000][34092][safepoint   ] Safepoint "Cleanup", Time since last: 60516265200 ns, Reaching safepoint: 298200 ns, At safepoint: 46200 ns, Total: 344400 ns
[2021-07-19T12:12:04.259+0000][34092][safepoint   ] Safepoint "Cleanup", Time since last: 29232639600 ns, Reaching safepoint: 158800 ns, At safepoint: 11600 ns, Total: 170400 ns
[2021-07-19T12:12:32.518+0000][34092][safepoint   ] Safepoint "Cleanup", Time since last: 28259165100 ns, Reaching safepoint: 164700 ns, At safepoint: 7800 ns, Total: 172500 ns
[2021-07-19T12:12:38.583+0000][34092][safepoint   ] Safepoint "Cleanup", Time since last: 6064588100 ns, Reaching safepoint: 121800 ns, At safepoint: 6700 ns, Total: 128500 ns
[2021-07-19T12:13:04.761+0000][34092][safepoint   ] Safepoint "Cleanup", Time since last: 26177844700 ns, Reaching safepoint: 159200 ns, At safepoint: 6000 ns, Total: 165200 ns
[2021-07-19T12:13:35.037+0000][34092][safepoint   ] Safepoint "Cleanup", Time since last: 30275943000 ns, Reaching safepoint: 429100 ns, At safepoint: 63000 ns, Total: 492100 ns
[2021-07-19T12:13:41.083+0000][34092][safepoint   ] Safepoint "Cleanup", Time since last: 6044987000 ns, Reaching safepoint: 121300 ns, At safepoint: 19300 ns, Total: 140600 ns
[2021-07-19T12:14:05.299+0000][34092][safepoint   ] Safepoint "Cleanup", Time since last: 24216103800 ns, Reaching safepoint: 192600 ns, At safepoint: 23600 ns, Total: 216200 ns
[2021-07-19T12:14:34.511+0000][34092][safepoint   ] Safepoint "Cleanup", Time since last: 29212084300 ns, Reaching safepoint: 247500 ns, At safepoint: 29200 ns, Total: 276700 ns
[2021-07-19T12:15:35.027+0000][34092][safepoint   ] Safepoint "Cleanup", Time since last: 60515346600 ns, Reaching safepoint: 175900 ns, At safepoint: 38200 ns, Total: 214100 ns
[2021-07-19T12:15:57.157+0000][34092][safepoint   ] Safepoint "Cleanup", Time since last: 22129734800 ns, Reaching safepoint: 176600 ns, At safepoint: 31300 ns, Total: 207900 ns
[2021-07-19T12:16:28.388+0000][34092][safepoint   ] Safepoint "Cleanup", Time since last: 31231109500 ns, Reaching safepoint: 199000 ns, At safepoint: 24300 ns, Total: 223300 ns
[2021-07-19T12:16:41.498+0000][34092][safepoint   ] Safepoint "Cleanup", Time since last: 13109652500 ns, Reaching safepoint: 124200 ns, At safepoint: 57500 ns, Total: 181700 ns
[2021-07-19T12:19:05.515+0000][34092][safepoint   ] Safepoint "Cleanup", Time since last: 144016542100 ns, Reaching safepoint: 146000 ns, At safepoint: 133400 ns, Total: 279400 ns
[2021-07-19T12:19:42.778+0000][34092][safepoint   ] Safepoint "Cleanup", Time since last: 37263142300 ns, Reaching safepoint: 160100 ns, At safepoint: 7500 ns, Total: 167600 ns
[2021-07-19T12:19:45.811+0000][34092][safepoint   ] Safepoint "Cleanup", Time since last: 3032655100 ns, Reaching safepoint: 166900 ns, At safepoint: 13600 ns, Total: 180500 ns
[2021-07-19T12:19:49.834+0000][34092][safepoint   ] Safepoint "Cleanup", Time since last: 4022554200 ns, Reaching safepoint: 190300 ns, At safepoint: 45300 ns, Total: 235600 ns
[2021-07-19T12:21:05.355+0000][34092][safepoint   ] Safepoint "Cleanup", Time since last: 75520590900 ns, Reaching safepoint: 127100 ns, At safepoint: 22500 ns, Total: 149600 ns
[2021-07-19T12:21:13.446+0000][34092][safepoint   ] Safepoint "Cleanup", Time since last: 8059896800 ns, Reaching safepoint: 32265700 ns, At safepoint: 61300 ns, Total: 32327000 ns
[2021-07-19T12:21:14.468+0000][34092][safepoint   ] Safepoint "Cleanup", Time since last: 1004115400 ns, Reaching safepoint: 17429400 ns, At safepoint: 35100 ns, Total: 17464500 ns
[2021-07-19T12:21:15.198+0000][34092][gc,start    ] GC(12) Pause Young (Concurrent Start) (Metadata GC Threshold)
[2021-07-19T12:21:15.199+0000][34092][gc,task     ] GC(12) Using 8 workers of 8 for evacuation
[2021-07-19T12:21:15.199+0000][34092][gc,age      ] GC(12) Desired survivor size 100663296 bytes, new threshold 15 (max threshold 15)
[2021-07-19T12:21:15.289+0000][34092][gc,age      ] GC(12) Age table with threshold 15 (max threshold 15)
[2021-07-19T12:21:15.289+0000][34092][gc,age      ] GC(12) - age   1:    7913496 bytes,    7913496 total
[2021-07-19T12:21:15.289+0000][34092][gc,age      ] GC(12) - age   2:   11358648 bytes,   19272144 total
[2021-07-19T12:21:15.289+0000][34092][gc,age      ] GC(12) - age   3:    8518400 bytes,   27790544 total
[2021-07-19T12:21:15.289+0000][34092][gc,age      ] GC(12) - age   4:    9329072 bytes,   37119616 total
[2021-07-19T12:21:15.289+0000][34092][gc,phases   ] GC(12)   Pre Evacuate Collection Set: 1.3ms
[2021-07-19T12:21:15.289+0000][34092][gc,phases   ] GC(12)   Merge Heap Roots: 0.4ms
[2021-07-19T12:21:15.289+0000][34092][gc,phases   ] GC(12)   Evacuate Collection Set: 83.2ms
[2021-07-19T12:21:15.289+0000][34092][gc,phases   ] GC(12)   Post Evacuate Collection Set: 3.3ms
[2021-07-19T12:21:15.289+0000][34092][gc,phases   ] GC(12)   Other: 3.1ms
[2021-07-19T12:21:15.289+0000][34092][gc,heap     ] GC(12) Eden regions: 171->0(395)
[2021-07-19T12:21:15.289+0000][34092][gc,heap     ] GC(12) Survivor regions: 8->11(48)
[2021-07-19T12:21:15.289+0000][34092][gc,heap     ] GC(12) Old regions: 15->15
[2021-07-19T12:21:15.289+0000][34092][gc,heap     ] GC(12) Archive regions: 0->0
[2021-07-19T12:21:15.289+0000][34092][gc,heap     ] GC(12) Humongous regions: 2->2
[2021-07-19T12:21:15.289+0000][34092][gc,metaspace] GC(12) Metaspace: 97211K(100816K)->97211K(100816K) NonClass: 84198K(86608K)->84198K(86608K) Class: 13013K(14208K)->13013K(14208K)
[2021-07-19T12:21:15.289+0000][34092][gc          ] GC(12) Pause Young (Concurrent Start) (Metadata GC Threshold) 780M->105M(4056M) 91.577ms
[2021-07-19T12:21:15.289+0000][34092][gc,cpu      ] GC(12) User=0.31s Sys=0.20s Real=0.09s
[2021-07-19T12:21:15.290+0000][34092][safepoint   ] Safepoint "CollectForMetadataAllocation", Time since last: 729251800 ns, Reaching safepoint: 285300 ns, At safepoint: 92814100 ns, Total: 93099400 ns
[2021-07-19T12:21:15.291+0000][34092][gc          ] GC(13) Concurrent Cycle
[2021-07-19T12:21:15.291+0000][34092][gc,marking  ] GC(13) Concurrent Clear Claimed Marks
[2021-07-19T12:21:15.291+0000][34092][gc,marking  ] GC(13) Concurrent Clear Claimed Marks 0.156ms
[2021-07-19T12:21:15.291+0000][34092][gc,marking  ] GC(13) Concurrent Scan Root Regions
[2021-07-19T12:21:15.359+0000][34092][gc,marking  ] GC(13) Concurrent Scan Root Regions 67.891ms
[2021-07-19T12:21:15.359+0000][34092][gc,marking  ] GC(13) Concurrent Mark (2011.953s)
[2021-07-19T12:21:15.359+0000][34092][gc,marking  ] GC(13) Concurrent Mark From Roots
[2021-07-19T12:21:15.359+0000][34092][gc,task     ] GC(13) Using 2 workers of 2 for marking
[2021-07-19T12:21:15.641+0000][34092][gc,marking  ] GC(13) Concurrent Mark From Roots 281.322ms
[2021-07-19T12:21:15.641+0000][34092][gc,marking  ] GC(13) Concurrent Preclean
[2021-07-19T12:21:15.642+0000][34092][gc,marking  ] GC(13) Concurrent Preclean 0.699ms
[2021-07-19T12:21:15.642+0000][34092][gc,marking  ] GC(13) Concurrent Mark (2011.953s, 2012.235s) 282.374ms
[2021-07-19T12:21:15.643+0000][34092][gc,start    ] GC(13) Pause Remark
[2021-07-19T12:21:15.693+0000][34092][gc          ] GC(13) Pause Remark 121M->121M(4056M) 49.587ms
[2021-07-19T12:21:15.693+0000][34092][gc,cpu      ] GC(13) User=0.08s Sys=0.05s Real=0.05s
[2021-07-19T12:21:15.693+0000][34092][safepoint   ] Safepoint "G1Concurrent", Time since last: 351642800 ns, Reaching safepoint: 950500 ns, At safepoint: 49851700 ns, Total: 50802200 ns
[2021-07-19T12:21:15.693+0000][34092][gc,marking  ] GC(13) Concurrent Rebuild Remembered Sets
[2021-07-19T12:21:15.769+0000][34092][gc,marking  ] GC(13) Concurrent Rebuild Remembered Sets 76.135ms
[2021-07-19T12:21:15.798+0000][34092][gc,start    ] GC(13) Pause Cleanup
[2021-07-19T12:21:15.798+0000][34092][gc          ] GC(13) Pause Cleanup 128M->128M(4056M) 0.564ms
[2021-07-19T12:21:15.798+0000][34092][gc,cpu      ] GC(13) User=0.00s Sys=0.00s Real=0.00s
[2021-07-19T12:21:15.798+0000][34092][safepoint   ] Safepoint "G1Concurrent", Time since last: 76369500 ns, Reaching safepoint: 27968400 ns, At safepoint: 805600 ns, Total: 28774000 ns
[2021-07-19T12:21:15.798+0000][34092][gc,marking  ] GC(13) Concurrent Cleanup for Next Mark
[2021-07-19T12:21:15.831+0000][34092][gc,marking  ] GC(13) Concurrent Cleanup for Next Mark 33.547ms
[2021-07-19T12:21:15.832+0000][34092][gc          ] GC(13) Concurrent Cycle 541.066ms
[2021-07-19T12:21:17.202+0000][34092][safepoint   ] Safepoint "Cleanup", Time since last: 1402354800 ns, Reaching safepoint: 412400 ns, At safepoint: 970800 ns, Total: 1383200 ns
[2021-07-19T12:21:18.216+0000][34092][safepoint   ] Safepoint "Cleanup", Time since last: 1013661500 ns, Reaching safepoint: 199100 ns, At safepoint: 26900 ns, Total: 226000 ns
[2021-07-19T12:21:19.222+0000][34092][safepoint   ] Safepoint "Cleanup", Time since last: 1005596600 ns, Reaching safepoint: 249100 ns, At safepoint: 30500 ns, Total: 279600 ns
[2021-07-19T12:21:24.265+0000][34092][safepoint   ] Safepoint "Cleanup", Time since last: 5043151900 ns, Reaching safepoint: 139100 ns, At safepoint: 6800 ns, Total: 145900 ns
[2021-07-19T12:21:28.622+0000][34092][safepoint   ] Safepoint "Cleanup", Time since last: 4355604900 ns, Reaching safepoint: 480500 ns, At safepoint: 895400 ns, Total: 1375900 ns
[2021-07-19T12:21:29.624+0000][34092][safepoint   ] Safepoint "Cleanup", Time since last: 1001399600 ns, Reaching safepoint: 130400 ns, At safepoint: 5800 ns, Total: 136200 ns
[2021-07-19T12:21:31.642+0000][34092][safepoint   ] Safepoint "Cleanup", Time since last: 2018041500 ns, Reaching safepoint: 136400 ns, At safepoint: 18500 ns, Total: 154900 ns
[2021-07-19T12:21:32.728+0000][34092][safepoint   ] Safepoint "Cleanup", Time since last: 1068177900 ns, Reaching safepoint: 967300 ns, At safepoint: 16912600 ns, Total: 17879900 ns
[2021-07-19T12:21:33.478+0000][34092][safepoint   ] Safepoint "ICBufferFull", Time since last: 748491000 ns, Reaching safepoint: 599000 ns, At safepoint: 1127700 ns, Total: 1726700 ns
[2021-07-19T12:21:34.344+0000][34092][safepoint   ] Safepoint "ICBufferFull", Time since last: 865073700 ns, Reaching safepoint: 305100 ns, At safepoint: 22800 ns, Total: 327900 ns
[2021-07-19T12:21:35.349+0000][34092][safepoint   ] Safepoint "Cleanup", Time since last: 1004786600 ns, Reaching safepoint: 519700 ns, At safepoint: 12100 ns, Total: 531800 ns
[2021-07-19T12:21:36.319+0000][34092][safepoint   ] Safepoint "ICBufferFull", Time since last: 962036100 ns, Reaching safepoint: 270800 ns, At safepoint: 8732100 ns, Total: 9002900 ns
[2021-07-19T12:21:37.204+0000][34092][safepoint   ] Safepoint "ICBufferFull", Time since last: 864662800 ns, Reaching safepoint: 15595300 ns, At safepoint: 3779800 ns, Total: 19375100 ns
[2021-07-19T12:21:38.212+0000][34092][safepoint   ] Safepoint "Cleanup", Time since last: 1007558400 ns, Reaching safepoint: 532400 ns, At safepoint: 84300 ns, Total: 616700 ns
[2021-07-19T12:21:39.219+0000][34092][safepoint   ] Safepoint "Cleanup", Time since last: 1006664100 ns, Reaching safepoint: 213400 ns, At safepoint: 8900 ns, Total: 222300 ns
[2021-07-19T12:21:40.234+0000][34092][safepoint   ] Safepoint "Cleanup", Time since last: 1015196100 ns, Reaching safepoint: 133600 ns, At safepoint: 18300 ns, Total: 151900 ns
[2021-07-19T12:21:41.248+0000][34092][safepoint   ] Safepoint "Cleanup", Time since last: 1013265500 ns, Reaching safepoint: 194000 ns, At safepoint: 21200 ns, Total: 215200 ns
[2021-07-19T12:21:42.261+0000][34092][safepoint   ] Safepoint "Cleanup", Time since last: 1013318500 ns, Reaching safepoint: 147800 ns, At safepoint: 20300 ns, Total: 168100 ns
[2021-07-19T12:21:43.276+0000][34092][safepoint   ] Safepoint "Cleanup", Time since last: 1013792400 ns, Reaching safepoint: 284600 ns, At safepoint: 18000 ns, Total: 302600 ns
[2021-07-19T12:21:44.291+0000][34092][safepoint   ] Safepoint "Cleanup", Time since last: 1015169700 ns, Reaching safepoint: 393700 ns, At safepoint: 39900 ns, Total: 433600 ns
[2021-07-19T12:21:46.308+0000][34092][safepoint   ] Safepoint "Cleanup", Time since last: 2016782800 ns, Reaching safepoint: 253500 ns, At safepoint: 40000 ns, Total: 293500 ns
[2021-07-19T12:21:47.323+0000][34092][safepoint   ] Safepoint "Cleanup", Time since last: 1014230300 ns, Reaching safepoint: 250800 ns, At safepoint: 38500 ns, Total: 289300 ns
[2021-07-19T12:21:49.351+0000][34092][safepoint   ] Safepoint "Cleanup", Time since last: 2027858800 ns, Reaching safepoint: 172600 ns, At safepoint: 16900 ns, Total: 189500 ns
[2021-07-19T12:21:51.365+0000][34092][safepoint   ] Safepoint "Cleanup", Time since last: 2014636300 ns, Reaching safepoint: 156800 ns, At safepoint: 37300 ns, Total: 194100 ns
[2021-07-19T12:21:53.375+0000][34092][safepoint   ] Safepoint "Cleanup", Time since last: 2008973400 ns, Reaching safepoint: 291600 ns, At safepoint: 48100 ns, Total: 339700 ns
[2021-07-19T12:21:54.385+0000][34092][safepoint   ] Safepoint "Cleanup", Time since last: 1007789700 ns, Reaching safepoint: 1257600 ns, At safepoint: 595000 ns, Total: 1852600 ns
[2021-07-19T12:21:56.410+0000][34092][safepoint   ] Safepoint "Cleanup", Time since last: 2026002400 ns, Reaching safepoint: 332800 ns, At safepoint: 10600 ns, Total: 343400 ns
[2021-07-19T12:21:57.421+0000][34092][safepoint   ] Safepoint "Cleanup", Time since last: 1010554600 ns, Reaching safepoint: 161800 ns, At safepoint: 17800 ns, Total: 179600 ns
[2021-07-19T12:21:59.450+0000][34092][safepoint   ] Safepoint "Cleanup", Time since last: 2026339000 ns, Reaching safepoint: 1129600 ns, At safepoint: 565300 ns, Total: 1694900 ns
[2021-07-19T12:22:00.483+0000][34092][safepoint   ] Safepoint "Cleanup", Time since last: 1033194600 ns, Reaching safepoint: 202500 ns, At safepoint: 19300 ns, Total: 221800 ns
[2021-07-19T12:22:01.494+0000][34092][safepoint   ] Safepoint "Cleanup", Time since last: 1010213600 ns, Reaching safepoint: 335000 ns, At safepoint: 59900 ns, Total: 394900 ns
[2021-07-19T12:22:02.504+0000][34092][safepoint   ] Safepoint "Cleanup", Time since last: 1010340800 ns, Reaching safepoint: 326100 ns, At safepoint: 19400 ns, Total: 345500 ns
[2021-07-19T12:22:03.508+0000][34092][safepoint   ] Safepoint "Cleanup", Time since last: 1003740600 ns, Reaching safepoint: 220100 ns, At safepoint: 28800 ns, Total: 248900 ns
[2021-07-19T12:22:04.509+0000][34092][safepoint   ] Safepoint "Cleanup", Time since last: 1000466500 ns, Reaching safepoint: 253700 ns, At safepoint: 34000 ns, Total: 287700 ns
[2021-07-19T12:22:05.512+0000][34092][safepoint   ] Safepoint "Cleanup", Time since last: 1003376400 ns, Reaching safepoint: 489700 ns, At safepoint: 29500 ns, Total: 519200 ns
[2021-07-19T12:22:06.518+0000][34092][safepoint   ] Safepoint "Cleanup", Time since last: 1005061100 ns, Reaching safepoint: 150200 ns, At safepoint: 24800 ns, Total: 175000 ns
[2021-07-19T12:22:07.524+0000][34092][safepoint   ] Safepoint "Cleanup", Time since last: 1005580000 ns, Reaching safepoint: 287000 ns, At safepoint: 37000 ns, Total: 324000 ns
[2021-07-19T12:22:08.539+0000][34092][safepoint   ] Safepoint "Cleanup", Time since last: 1014824100 ns, Reaching safepoint: 197600 ns, At safepoint: 10100 ns, Total: 207700 ns
[2021-07-19T12:22:09.542+0000][34092][safepoint   ] Safepoint "Cleanup", Time since last: 1002553000 ns, Reaching safepoint: 138900 ns, At safepoint: 4500 ns, Total: 143400 ns
[2021-07-19T12:22:10.557+0000][34092][safepoint   ] Safepoint "Cleanup", Time since last: 1015025200 ns, Reaching safepoint: 196600 ns, At safepoint: 18100 ns, Total: 214700 ns
[2021-07-19T12:22:13.573+0000][34092][safepoint   ] Safepoint "Cleanup", Time since last: 3015650300 ns, Reaching safepoint: 296900 ns, At safepoint: 20100 ns, Total: 317000 ns
[2021-07-19T12:22:15.588+0000][34092][safepoint   ] Safepoint "Cleanup", Time since last: 2014812500 ns, Reaching safepoint: 283500 ns, At safepoint: 31500 ns, Total: 315000 ns
[2021-07-19T12:22:16.603+0000][34092][safepoint   ] Safepoint "Cleanup", Time since last: 1014937200 ns, Reaching safepoint: 155600 ns, At safepoint: 19700 ns, Total: 175300 ns
[2021-07-19T12:22:22.648+0000][34092][safepoint   ] Safepoint "Cleanup", Time since last: 6045156500 ns, Reaching safepoint: 275700 ns, At safepoint: 34200 ns, Total: 309900 ns
[2021-07-19T12:22:35.732+0000][34092][safepoint   ] Safepoint "Cleanup", Time since last: 13083543800 ns, Reaching safepoint: 155100 ns, At safepoint: 20900 ns, Total: 176000 ns
[2021-07-19T12:22:36.743+0000][34092][safepoint   ] Safepoint "Cleanup", Time since last: 1010513100 ns, Reaching safepoint: 126400 ns, At safepoint: 13000 ns, Total: 139400 ns
[2021-07-19T12:22:37.748+0000][34092][safepoint   ] Safepoint "Cleanup", Time since last: 1004743300 ns, Reaching safepoint: 194000 ns, At safepoint: 9300 ns, Total: 203300 ns
[2021-07-19T12:22:56.872+0000][34092][safepoint   ] Safepoint "Cleanup", Time since last: 19124167200 ns, Reaching safepoint: 259900 ns, At safepoint: 51800 ns, Total: 311700 ns
[2021-07-19T12:23:00.896+0000][34092][safepoint   ] Safepoint "Cleanup", Time since last: 4022831200 ns, Reaching safepoint: 227300 ns, At safepoint: 39300 ns, Total: 266600 ns
[2021-07-19T12:23:06.603+0000][34092][safepoint   ] Safepoint "Cleanup", Time since last: 5706660400 ns, Reaching safepoint: 215400 ns, At safepoint: 60600 ns, Total: 276000 ns
[2021-07-19T12:23:07.614+0000][34092][safepoint   ] Safepoint "Cleanup", Time since last: 1011073200 ns, Reaching safepoint: 551400 ns, At safepoint: 27800 ns, Total: 579200 ns
[2021-07-19T12:23:10.647+0000][34092][safepoint   ] Safepoint "Cleanup", Time since last: 3032271500 ns, Reaching safepoint: 235700 ns, At safepoint: 94500 ns, Total: 330200 ns
[2021-07-19T12:23:25.728+0000][34092][safepoint   ] Safepoint "Cleanup", Time since last: 15081152200 ns, Reaching safepoint: 210600 ns, At safepoint: 33700 ns, Total: 244300 ns
[2021-07-19T12:23:34.971+0000][34092][safepoint   ] Safepoint "Cleanup", Time since last: 9241656600 ns, Reaching safepoint: 876800 ns, At safepoint: 83700 ns, Total: 960500 ns
[2021-07-19T12:23:47.064+0000][34092][safepoint   ] Safepoint "Cleanup", Time since last: 12093393400 ns, Reaching safepoint: 241100 ns, At safepoint: 32400 ns, Total: 273500 ns
[2021-07-19T12:24:22.281+0000][34092][safepoint   ] Safepoint "Cleanup", Time since last: 35216833500 ns, Reaching safepoint: 298300 ns, At safepoint: 26800 ns, Total: 325100 ns
[2021-07-19T12:25:08.576+0000][34092][safepoint   ] Safepoint "Cleanup", Time since last: 46293861600 ns, Reaching safepoint: 212000 ns, At safepoint: 26600 ns, Total: 238600 ns
[2021-07-19T12:25:32.733+0000][34092][safepoint   ] Safepoint "Cleanup", Time since last: 24156862500 ns, Reaching safepoint: 432800 ns, At safepoint: 48400 ns, Total: 481200 ns
[2021-07-19T12:26:03.969+0000][34092][safepoint   ] Safepoint "Cleanup", Time since last: 31236349100 ns, Reaching safepoint: 204700 ns, At safepoint: 20400 ns, Total: 225100 ns
[2021-07-19T12:26:04.984+0000][34092][safepoint   ] Safepoint "Cleanup", Time since last: 1014430500 ns, Reaching safepoint: 133600 ns, At safepoint: 16600 ns, Total: 150200 ns
[2021-07-19T12:26:07.011+0000][34092][safepoint   ] Safepoint "Cleanup", Time since last: 2026360100 ns, Reaching safepoint: 262800 ns, At safepoint: 30200 ns, Total: 293000 ns
[2021-07-19T12:26:09.021+0000][34092][safepoint   ] Safepoint "Cleanup", Time since last: 2010425000 ns, Reaching safepoint: 142000 ns, At safepoint: 18900 ns, Total: 160900 ns
[2021-07-19T12:26:35.221+0000][34092][safepoint   ] Safepoint "Cleanup", Time since last: 26199490800 ns, Reaching safepoint: 213700 ns, At safepoint: 27300 ns, Total: 241000 ns
[2021-07-19T12:26:40.249+0000][34092][safepoint   ] Safepoint "Cleanup", Time since last: 5027490500 ns, Reaching safepoint: 338900 ns, At safepoint: 101700 ns, Total: 440600 ns
[2021-07-19T12:26:41.262+0000][34092][safepoint   ] Safepoint "Cleanup", Time since last: 1012398200 ns, Reaching safepoint: 301100 ns, At safepoint: 19600 ns, Total: 320700 ns
[2021-07-19T12:26:43.279+0000][34092][safepoint   ] Safepoint "Cleanup", Time since last: 2017050200 ns, Reaching safepoint: 293100 ns, At safepoint: 53100 ns, Total: 346200 ns
[2021-07-19T12:26:47.304+0000][34092][safepoint   ] Safepoint "Cleanup", Time since last: 4024430100 ns, Reaching safepoint: 128100 ns, At safepoint: 9000 ns, Total: 137100 ns
[2021-07-19T12:27:00.395+0000][34092][safepoint   ] Safepoint "Cleanup", Time since last: 13091097100 ns, Reaching safepoint: 173100 ns, At safepoint: 28700 ns, Total: 201800 ns
[2021-07-19T12:27:19.547+0000][34092][safepoint   ] Safepoint "Cleanup", Time since last: 19151452400 ns, Reaching safepoint: 125700 ns, At safepoint: 9600 ns, Total: 135300 ns
[2021-07-19T12:27:56.860+0000][34092][safepoint   ] Safepoint "Cleanup", Time since last: 37313550800 ns, Reaching safepoint: 261800 ns, At safepoint: 49100 ns, Total: 310900 ns
[2021-07-19T12:28:05.912+0000][34092][safepoint   ] Safepoint "Cleanup", Time since last: 9051207600 ns, Reaching safepoint: 209200 ns, At safepoint: 93200 ns, Total: 302400 ns
[2021-07-19T12:28:06.923+0000][34092][safepoint   ] Safepoint "Cleanup", Time since last: 1010706700 ns, Reaching safepoint: 262800 ns, At safepoint: 24100 ns, Total: 286900 ns
[2021-07-19T12:28:33.132+0000][34092][safepoint   ] Safepoint "Cleanup", Time since last: 26208517300 ns, Reaching safepoint: 265200 ns, At safepoint: 22600 ns, Total: 287800 ns
[2021-07-19T12:28:34.145+0000][34092][safepoint   ] Safepoint "Cleanup", Time since last: 1012870600 ns, Reaching safepoint: 235800 ns, At safepoint: 19500 ns, Total: 255300 ns
[2021-07-19T12:28:35.148+0000][34092][safepoint   ] Safepoint "Cleanup", Time since last: 1003036600 ns, Reaching safepoint: 126600 ns, At safepoint: 4300 ns, Total: 130900 ns
[2021-07-19T12:28:39.173+0000][34092][safepoint   ] Safepoint "Cleanup", Time since last: 4024990500 ns, Reaching safepoint: 201800 ns, At safepoint: 17800 ns, Total: 219600 ns
[2021-07-19T12:28:48.239+0000][34092][safepoint   ] Safepoint "Cleanup", Time since last: 9065462500 ns, Reaching safepoint: 243100 ns, At safepoint: 4800 ns, Total: 247900 ns
[2021-07-19T12:28:53.269+0000][34092][safepoint   ] Safepoint "Cleanup", Time since last: 5029437100 ns, Reaching safepoint: 270200 ns, At safepoint: 37300 ns, Total: 307500 ns
[2021-07-19T12:29:06.349+0000][34092][safepoint   ] Safepoint "Cleanup", Time since last: 13079622300 ns, Reaching safepoint: 248200 ns, At safepoint: 48700 ns, Total: 296900 ns
[2021-07-19T12:30:05.838+0000][34092][safepoint   ] Safepoint "Cleanup", Time since last: 59488594000 ns, Reaching safepoint: 305500 ns, At safepoint: 22400 ns, Total: 327900 ns
[2021-07-19T12:30:21.955+0000][34092][safepoint   ] Safepoint "Cleanup", Time since last: 16116757800 ns, Reaching safepoint: 173600 ns, At safepoint: 23600 ns, Total: 197200 ns
[2021-07-19T12:30:29.001+0000][34092][safepoint   ] Safepoint "Cleanup", Time since last: 7046006600 ns, Reaching safepoint: 159400 ns, At safepoint: 18600 ns, Total: 178000 ns
[2021-07-19T12:30:46.110+0000][34092][safepoint   ] Safepoint "Cleanup", Time since last: 17109420400 ns, Reaching safepoint: 228400 ns, At safepoint: 76600 ns, Total: 305000 ns
[2021-07-19T12:30:47.113+0000][34092][safepoint   ] Safepoint "Cleanup", Time since last: 1002427600 ns, Reaching safepoint: 265300 ns, At safepoint: 181300 ns, Total: 446600 ns
[2021-07-19T12:31:05.240+0000][34092][safepoint   ] Safepoint "Cleanup", Time since last: 18126039200 ns, Reaching safepoint: 1084000 ns, At safepoint: 53100 ns, Total: 1137100 ns
[2021-07-19T12:31:09.262+0000][34092][safepoint   ] Safepoint "Cleanup", Time since last: 4020946200 ns, Reaching safepoint: 206400 ns, At safepoint: 35100 ns, Total: 241500 ns
[2021-07-19T12:31:17.328+0000][34092][safepoint   ] Safepoint "Cleanup", Time since last: 8066349500 ns, Reaching safepoint: 235600 ns, At safepoint: 38400 ns, Total: 274000 ns
[2021-07-19T12:32:04.635+0000][34092][safepoint   ] Safepoint "Cleanup", Time since last: 47306746600 ns, Reaching safepoint: 341300 ns, At safepoint: 49100 ns, Total: 390400 ns
[2021-07-19T12:32:05.651+0000][34092][safepoint   ] Safepoint "Cleanup", Time since last: 1015359500 ns, Reaching safepoint: 293800 ns, At safepoint: 52700 ns, Total: 346500 ns
[2021-07-19T12:32:11.709+0000][34092][safepoint   ] Safepoint "Cleanup", Time since last: 6057625500 ns, Reaching safepoint: 218100 ns, At safepoint: 37400 ns, Total: 255500 ns
[2021-07-19T12:32:33.886+0000][34092][safepoint   ] Safepoint "Cleanup", Time since last: 22175641500 ns, Reaching safepoint: 843500 ns, At safepoint: 465700 ns, Total: 1309200 ns
[2021-07-19T12:32:35.914+0000][34092][safepoint   ] Safepoint "Cleanup", Time since last: 2027899300 ns, Reaching safepoint: 318500 ns, At safepoint: 22100 ns, Total: 340600 ns
[2021-07-19T12:32:36.931+0000][34092][safepoint   ] Safepoint "Cleanup", Time since last: 1015526300 ns, Reaching safepoint: 564700 ns, At safepoint: 428600 ns, Total: 993300 ns
[2021-07-19T12:32:55.047+0000][34092][safepoint   ] Safepoint "Cleanup", Time since last: 18116148800 ns, Reaching safepoint: 241000 ns, At safepoint: 43900 ns, Total: 284900 ns
[2021-07-19T12:33:06.113+0000][34092][safepoint   ] Safepoint "Cleanup", Time since last: 11065115000 ns, Reaching safepoint: 258700 ns, At safepoint: 18500 ns, Total: 277200 ns
[2021-07-19T12:33:17.187+0000][34092][safepoint   ] Safepoint "Cleanup", Time since last: 11073632800 ns, Reaching safepoint: 272400 ns, At safepoint: 40700 ns, Total: 313100 ns
[2021-07-19T12:33:23.233+0000][34092][safepoint   ] Safepoint "Cleanup", Time since last: 6046124400 ns, Reaching safepoint: 218400 ns, At safepoint: 60200 ns, Total: 278600 ns
[2021-07-19T12:33:34.292+0000][34092][safepoint   ] Safepoint "Cleanup", Time since last: 11058942000 ns, Reaching safepoint: 215200 ns, At safepoint: 27000 ns, Total: 242200 ns
[2021-07-19T12:33:36.303+0000][34092][safepoint   ] Safepoint "Cleanup", Time since last: 2010276600 ns, Reaching safepoint: 232500 ns, At safepoint: 73300 ns, Total: 305800 ns
[2021-07-19T12:33:41.338+0000][34092][safepoint   ] Safepoint "Cleanup", Time since last: 5035330500 ns, Reaching safepoint: 253700 ns, At safepoint: 41400 ns, Total: 295100 ns
[2021-07-19T12:34:15.608+0000][34092][safepoint   ] Safepoint "Cleanup", Time since last: 34269114100 ns, Reaching safepoint: 179900 ns, At safepoint: 14000 ns, Total: 193900 ns
[2021-07-19T12:34:57.875+0000][34092][safepoint   ] Safepoint "Cleanup", Time since last: 42266603000 ns, Reaching safepoint: 280000 ns, At safepoint: 47400 ns, Total: 327400 ns
[2021-07-19T12:35:04.914+0000][34092][safepoint   ] Safepoint "Cleanup", Time since last: 7038687500 ns, Reaching safepoint: 599800 ns, At safepoint: 42700 ns, Total: 642500 ns
[2021-07-19T12:35:05.918+0000][34092][safepoint   ] Safepoint "Cleanup", Time since last: 1003813400 ns, Reaching safepoint: 387900 ns, At safepoint: 11700 ns, Total: 399600 ns
[2021-07-19T12:35:46.215+0000][34092][safepoint   ] Safepoint "Cleanup", Time since last: 40296775600 ns, Reaching safepoint: 338000 ns, At safepoint: 56300 ns, Total: 394300 ns
[2021-07-19T12:36:06.343+0000][34092][safepoint   ] Safepoint "Cleanup", Time since last: 20127167700 ns, Reaching safepoint: 260500 ns, At safepoint: 29500 ns, Total: 290000 ns
[2021-07-19T12:36:07.346+0000][34092][safepoint   ] Safepoint "Cleanup", Time since last: 1003228600 ns, Reaching safepoint: 249400 ns, At safepoint: 10000 ns, Total: 259400 ns
[2021-07-19T12:36:16.400+0000][34092][safepoint   ] Safepoint "Cleanup", Time since last: 9054019800 ns, Reaching safepoint: 437700 ns, At safepoint: 34900 ns, Total: 472600 ns
[2021-07-19T12:36:17.405+0000][34092][safepoint   ] Safepoint "Cleanup", Time since last: 1003954800 ns, Reaching safepoint: 274800 ns, At safepoint: 47900 ns, Total: 322700 ns
[2021-07-19T12:36:35.562+0000][34092][safepoint   ] Safepoint "Cleanup", Time since last: 18156819900 ns, Reaching safepoint: 282500 ns, At safepoint: 50300 ns, Total: 332800 ns
[2021-07-19T12:36:47.683+0000][34092][safepoint   ] Safepoint "Cleanup", Time since last: 12120892500 ns, Reaching safepoint: 187800 ns, At safepoint: 17000 ns, Total: 204800 ns
[2021-07-19T12:37:24.990+0000][34092][safepoint   ] Safepoint "Cleanup", Time since last: 37306191000 ns, Reaching safepoint: 225100 ns, At safepoint: 29100 ns, Total: 254200 ns
[2021-07-19T12:37:41.099+0000][34092][safepoint   ] Safepoint "Cleanup", Time since last: 16108943800 ns, Reaching safepoint: 211700 ns, At safepoint: 30700 ns, Total: 242400 ns
[2021-07-19T12:37:52.157+0000][34092][safepoint   ] Safepoint "Cleanup", Time since last: 11057801400 ns, Reaching safepoint: 295100 ns, At safepoint: 21100 ns, Total: 316200 ns
[2021-07-19T12:38:06.264+0000][34092][safepoint   ] Safepoint "Cleanup", Time since last: 14106866100 ns, Reaching safepoint: 128200 ns, At safepoint: 14800 ns, Total: 143000 ns
[2021-07-19T12:38:34.510+0000][34092][safepoint   ] Safepoint "Cleanup", Time since last: 28245410900 ns, Reaching safepoint: 456800 ns, At safepoint: 95900 ns, Total: 552700 ns
[2021-07-19T12:39:05.731+0000][34092][safepoint   ] Safepoint "Cleanup", Time since last: 31220403600 ns, Reaching safepoint: 121700 ns, At safepoint: 6100 ns, Total: 127800 ns
[2021-07-19T12:39:08.755+0000][34092][safepoint   ] Safepoint "Cleanup", Time since last: 3024452900 ns, Reaching safepoint: 180600 ns, At safepoint: 24500 ns, Total: 205100 ns
[2021-07-19T12:40:20.277+0000][34092][gc,start    ] GC(14) Pause Young (Normal) (G1 Evacuation Pause)
[2021-07-19T12:40:20.279+0000][34092][gc,task     ] GC(14) Using 8 workers of 8 for evacuation
[2021-07-19T12:40:20.284+0000][34092][gc,age      ] GC(14) Desired survivor size 102760448 bytes, new threshold 15 (max threshold 15)
[2021-07-19T12:40:20.501+0000][34092][gc,age      ] GC(14) Age table with threshold 15 (max threshold 15)
[2021-07-19T12:40:20.501+0000][34092][gc,age      ] GC(14) - age   1:   14164808 bytes,   14164808 total
[2021-07-19T12:40:20.501+0000][34092][gc,age      ] GC(14) - age   2:    6070968 bytes,   20235776 total
[2021-07-19T12:40:20.501+0000][34092][gc,age      ] GC(14) - age   3:   11323816 bytes,   31559592 total
[2021-07-19T12:40:20.501+0000][34092][gc,age      ] GC(14) - age   4:    8502256 bytes,   40061848 total
[2021-07-19T12:40:20.501+0000][34092][gc,age      ] GC(14) - age   5:    9227672 bytes,   49289520 total
[2021-07-19T12:40:20.501+0000][34092][gc,mmu      ] GC(14) MMU target violated: 201.0ms (200.0ms/201.0ms)
[2021-07-19T12:40:20.502+0000][34092][gc,phases   ] GC(14)   Pre Evacuate Collection Set: 6.7ms
[2021-07-19T12:40:20.502+0000][34092][gc,phases   ] GC(14)   Merge Heap Roots: 1.9ms
[2021-07-19T12:40:20.502+0000][34092][gc,phases   ] GC(14)   Evacuate Collection Set: 204.6ms
[2021-07-19T12:40:20.502+0000][34092][gc,phases   ] GC(14)   Post Evacuate Collection Set: 6.6ms
[2021-07-19T12:40:20.503+0000][34092][gc,phases   ] GC(14)   Other: 10.3ms
[2021-07-19T12:40:20.503+0000][34092][gc,heap     ] GC(14) Eden regions: 375->0(295)
[2021-07-19T12:40:20.503+0000][34092][gc,heap     ] GC(14) Survivor regions: 11->13(49)
[2021-07-19T12:40:20.503+0000][34092][gc,heap     ] GC(14) Old regions: 15->15
[2021-07-19T12:40:20.503+0000][34092][gc,heap     ] GC(14) Archive regions: 0->0
[2021-07-19T12:40:20.503+0000][34092][gc,heap     ] GC(14) Humongous regions: 2->2
[2021-07-19T12:40:20.503+0000][34092][gc,metaspace] GC(14) Metaspace: 106830K(110672K)->106830K(110672K) NonClass: 92554K(95056K)->92554K(95056K) Class: 14275K(15616K)->14275K(15616K)
[2021-07-19T12:40:20.504+0000][34092][gc          ] GC(14) Pause Young (Normal) (G1 Evacuation Pause) 1605M->115M(4056M) 226.866ms
[2021-07-19T12:40:20.504+0000][34092][gc,cpu      ] GC(14) User=0.28s Sys=0.77s Real=0.23s
[2021-07-19T12:40:20.504+0000][34092][safepoint   ] Safepoint "G1CollectForAllocation", Time since last: 71515687100 ns, Reaching safepoint: 922100 ns, At safepoint: 232582500 ns, Total: 233504600 ns
[2021-07-19T12:40:21.517+0000][34092][safepoint   ] Safepoint "Cleanup", Time since last: 1012305500 ns, Reaching safepoint: 243100 ns, At safepoint: 39000 ns, Total: 282100 ns
[2021-07-19T12:40:46.686+0000][34092][safepoint   ] Safepoint "Cleanup", Time since last: 25169089100 ns, Reaching safepoint: 225500 ns, At safepoint: 38600 ns, Total: 264100 ns
[2021-07-19T12:41:36.022+0000][34092][safepoint   ] Safepoint "Cleanup", Time since last: 49335067200 ns, Reaching safepoint: 234800 ns, At safepoint: 37200 ns, Total: 272000 ns
[2021-07-19T12:42:13.329+0000][34092][safepoint   ] Safepoint "Cleanup", Time since last: 37307247700 ns, Reaching safepoint: 424000 ns, At safepoint: 70700 ns, Total: 494700 ns
[2021-07-19T12:42:36.470+0000][34092][safepoint   ] Safepoint "Cleanup", Time since last: 23140634700 ns, Reaching safepoint: 137900 ns, At safepoint: 4000 ns, Total: 141900 ns
[2021-07-19T12:43:04.660+0000][34092][safepoint   ] Safepoint "Cleanup", Time since last: 28189454600 ns, Reaching safepoint: 257600 ns, At safepoint: 15100 ns, Total: 272700 ns
[2021-07-19T12:43:15.729+0000][34092][safepoint   ] Safepoint "Cleanup", Time since last: 11068706100 ns, Reaching safepoint: 142900 ns, At safepoint: 8800 ns, Total: 151700 ns
[2021-07-19T12:43:16.734+0000][34092][safepoint   ] Safepoint "Cleanup", Time since last: 1004875100 ns, Reaching safepoint: 535200 ns, At safepoint: 115800 ns, Total: 651000 ns
[2021-07-19T12:43:30.827+0000][34092][safepoint   ] Safepoint "Cleanup", Time since last: 14092546600 ns, Reaching safepoint: 222700 ns, At safepoint: 41300 ns, Total: 264000 ns
[2021-07-19T12:43:35.872+0000][34092][safepoint   ] Safepoint "Cleanup", Time since last: 5044159300 ns, Reaching safepoint: 190900 ns, At safepoint: 30800 ns, Total: 221700 ns
[2021-07-19T12:43:52.009+0000][34092][safepoint   ] Safepoint "Cleanup", Time since last: 16137494200 ns, Reaching safepoint: 258900 ns, At safepoint: 25700 ns, Total: 284600 ns
[2021-07-19T12:44:04.118+0000][34092][safepoint   ] Safepoint "Cleanup", Time since last: 12108748000 ns, Reaching safepoint: 223200 ns, At safepoint: 33700 ns, Total: 256900 ns
[2021-07-19T12:44:36.391+0000][34092][safepoint   ] Safepoint "Cleanup", Time since last: 32272872400 ns, Reaching safepoint: 363000 ns, At safepoint: 34900 ns, Total: 397900 ns
[2021-07-19T12:45:35.869+0000][34092][safepoint   ] Safepoint "Cleanup", Time since last: 59477207000 ns, Reaching safepoint: 211200 ns, At safepoint: 31700 ns, Total: 242900 ns
[2021-07-19T12:46:07.107+0000][34092][safepoint   ] Safepoint "Cleanup", Time since last: 31237523100 ns, Reaching safepoint: 301300 ns, At safepoint: 20800 ns, Total: 322100 ns
[2021-07-19T12:46:36.301+0000][34092][safepoint   ] Safepoint "Cleanup", Time since last: 29194507500 ns, Reaching safepoint: 362700 ns, At safepoint: 30700 ns, Total: 393400 ns
[2021-07-19T12:48:34.156+0000][34092][safepoint   ] Safepoint "Cleanup", Time since last: 117846666800 ns, Reaching safepoint: 3462000 ns, At safepoint: 4132200 ns, Total: 7594200 ns
[2021-07-19T12:48:36.193+0000][34092][safepoint   ] Safepoint "Cleanup", Time since last: 2037083100 ns, Reaching safepoint: 295300 ns, At safepoint: 20700 ns, Total: 316000 ns
[2021-07-19T12:48:37.207+0000][34092][safepoint   ] Safepoint "Cleanup", Time since last: 1013554200 ns, Reaching safepoint: 408900 ns, At safepoint: 162700 ns, Total: 571600 ns
[2021-07-19T12:50:34.098+0000][34092][safepoint   ] Safepoint "Cleanup", Time since last: 116890327200 ns, Reaching safepoint: 247100 ns, At safepoint: 59900 ns, Total: 307000 ns
[2021-07-19T12:50:36.106+0000][34092][safepoint   ] Safepoint "Cleanup", Time since last: 2007781100 ns, Reaching safepoint: 638700 ns, At safepoint: 52900 ns, Total: 691600 ns
[2021-07-19T12:52:06.795+0000][34092][safepoint   ] Safepoint "Cleanup", Time since last: 90687877800 ns, Reaching safepoint: 149200 ns, At safepoint: 11100 ns, Total: 160300 ns
[2021-07-19T12:52:33.973+0000][34092][safepoint   ] Safepoint "Cleanup", Time since last: 27178457900 ns, Reaching safepoint: 270400 ns, At safepoint: 29900 ns, Total: 300300 ns
[2021-07-19T12:52:35.989+0000][34092][safepoint   ] Safepoint "Cleanup", Time since last: 2015633000 ns, Reaching safepoint: 241700 ns, At safepoint: 30700 ns, Total: 272400 ns
[2021-07-19T12:53:06.127+0000][34092][safepoint   ] Safepoint "Cleanup", Time since last: 30136992400 ns, Reaching safepoint: 320900 ns, At safepoint: 43500 ns, Total: 364400 ns
[2021-07-19T12:55:36.295+0000][34092][safepoint   ] Safepoint "Cleanup", Time since last: 150167900400 ns, Reaching safepoint: 370800 ns, At safepoint: 50800 ns, Total: 421600 ns
[2021-07-19T12:57:56.367+0000][34092][safepoint   ] Safepoint "Cleanup", Time since last: 140072059500 ns, Reaching safepoint: 174900 ns, At safepoint: 17900 ns, Total: 192800 ns
[2021-07-19T12:58:33.630+0000][34092][safepoint   ] Safepoint "Cleanup", Time since last: 37260541700 ns, Reaching safepoint: 1983000 ns, At safepoint: 120700 ns, Total: 2103700 ns
[2021-07-19T12:58:34.646+0000][34092][safepoint   ] Safepoint "Cleanup", Time since last: 1015495600 ns, Reaching safepoint: 340900 ns, At safepoint: 8700 ns, Total: 349600 ns
[2021-07-19T13:01:07.665+0000][34092][safepoint   ] Safepoint "Cleanup", Time since last: 153018721200 ns, Reaching safepoint: 356400 ns, At safepoint: 55100 ns, Total: 411500 ns
[2021-07-19T13:01:24.761+0000][34092][safepoint   ] Safepoint "Cleanup", Time since last: 17096213400 ns, Reaching safepoint: 196900 ns, At safepoint: 36200 ns, Total: 233100 ns
[2021-07-19T13:01:46.663+0000][34092][gc,start    ] GC(15) Pause Young (Normal) (G1 Evacuation Pause)
[2021-07-19T13:01:46.664+0000][34092][gc,task     ] GC(15) Using 8 workers of 8 for evacuation
[2021-07-19T13:01:46.666+0000][34092][gc,age      ] GC(15) Desired survivor size 81788928 bytes, new threshold 15 (max threshold 15)
[2021-07-19T13:01:46.864+0000][34092][gc,age      ] GC(15) Age table with threshold 15 (max threshold 15)
[2021-07-19T13:01:46.864+0000][34092][gc,age      ] GC(15) - age   1:      76624 bytes,      76624 total
[2021-07-19T13:01:46.864+0000][34092][gc,age      ] GC(15) - age   2:   14021200 bytes,   14097824 total
[2021-07-19T13:01:46.864+0000][34092][gc,age      ] GC(15) - age   3:    6070968 bytes,   20168792 total
[2021-07-19T13:01:46.864+0000][34092][gc,age      ] GC(15) - age   4:   11323744 bytes,   31492536 total
[2021-07-19T13:01:46.864+0000][34092][gc,age      ] GC(15) - age   5:    8502256 bytes,   39994792 total
[2021-07-19T13:01:46.864+0000][34092][gc,age      ] GC(15) - age   6:    9227600 bytes,   49222392 total
[2021-07-19T13:01:46.864+0000][34092][gc,phases   ] GC(15)   Pre Evacuate Collection Set: 2.6ms
[2021-07-19T13:01:46.864+0000][34092][gc,phases   ] GC(15)   Merge Heap Roots: 1.6ms
[2021-07-19T13:01:46.864+0000][34092][gc,phases   ] GC(15)   Evacuate Collection Set: 186.3ms
[2021-07-19T13:01:46.864+0000][34092][gc,phases   ] GC(15)   Post Evacuate Collection Set: 6.2ms
[2021-07-19T13:01:46.865+0000][34092][gc,phases   ] GC(15)   Other: 8.3ms
[2021-07-19T13:01:46.865+0000][34092][gc,heap     ] GC(15) Eden regions: 295->0(231)
[2021-07-19T13:01:46.865+0000][34092][gc,heap     ] GC(15) Survivor regions: 13->13(39)
[2021-07-19T13:01:46.865+0000][34092][gc,heap     ] GC(15) Old regions: 15->15
[2021-07-19T13:01:46.865+0000][34092][gc,heap     ] GC(15) Archive regions: 0->0
[2021-07-19T13:01:46.865+0000][34092][gc,heap     ] GC(15) Humongous regions: 2->2
[2021-07-19T13:01:46.865+0000][34092][gc,metaspace] GC(15) Metaspace: 107039K(110928K)->107039K(110928K) NonClass: 92761K(95312K)->92761K(95312K) Class: 14277K(15616K)->14277K(15616K)
[2021-07-19T13:01:46.865+0000][34092][gc          ] GC(15) Pause Young (Normal) (G1 Evacuation Pause) 1295M->116M(4056M) 202.623ms
[2021-07-19T13:01:46.865+0000][34092][gc,cpu      ] GC(15) User=0.38s Sys=0.67s Real=0.20s
[2021-07-19T13:01:46.866+0000][34092][safepoint   ] Safepoint "G1CollectForAllocation", Time since last: 21897564800 ns, Reaching safepoint: 442100 ns, At safepoint: 206863400 ns, Total: 207305500 ns
[2021-07-19T13:02:17.072+0000][34092][safepoint   ] Safepoint "Cleanup", Time since last: 30205556500 ns, Reaching safepoint: 169800 ns, At safepoint: 30200 ns, Total: 200000 ns
[2021-07-19T13:02:23.111+0000][34092][safepoint   ] Safepoint "Cleanup", Time since last: 6038297400 ns, Reaching safepoint: 205100 ns, At safepoint: 29900 ns, Total: 235000 ns
[2021-07-19T13:04:37.001+0000][34092][safepoint   ] Safepoint "Cleanup", Time since last: 133889814800 ns, Reaching safepoint: 381000 ns, At safepoint: 49600 ns, Total: 430600 ns
[2021-07-19T13:05:32.371+0000][34092][safepoint   ] Safepoint "Cleanup", Time since last: 55369846700 ns, Reaching safepoint: 244600 ns, At safepoint: 12200 ns, Total: 256800 ns
[2021-07-19T13:08:06.534+0000][34092][safepoint   ] Safepoint "Cleanup", Time since last: 154162839900 ns, Reaching safepoint: 397200 ns, At safepoint: 89900 ns, Total: 487100 ns
[2021-07-19T13:08:33.723+0000][34092][safepoint   ] Safepoint "Cleanup", Time since last: 27187747800 ns, Reaching safepoint: 726200 ns, At safepoint: 34200 ns, Total: 760400 ns
[2021-07-19T13:08:34.727+0000][34092][safepoint   ] Safepoint "Cleanup", Time since last: 1004584500 ns, Reaching safepoint: 291000 ns, At safepoint: 48800 ns, Total: 339800 ns
[2021-07-19T13:11:47.035+0000][34092][safepoint   ] Safepoint "Cleanup", Time since last: 192307391000 ns, Reaching safepoint: 360300 ns, At safepoint: 45700 ns, Total: 406000 ns
[2021-07-19T13:11:48.050+0000][34092][safepoint   ] Safepoint "Cleanup", Time since last: 1014686300 ns, Reaching safepoint: 262500 ns, At safepoint: 44700 ns, Total: 307200 ns
[2021-07-19T13:14:37.362+0000][34092][safepoint   ] Safepoint "Cleanup", Time since last: 169311193000 ns, Reaching safepoint: 262900 ns, At safepoint: 48300 ns, Total: 311200 ns
[2021-07-19T13:15:07.593+0000][34092][safepoint   ] Safepoint "Cleanup", Time since last: 30230779100 ns, Reaching safepoint: 265600 ns, At safepoint: 47200 ns, Total: 312800 ns
[2021-07-19T13:17:07.498+0000][34092][safepoint   ] Safepoint "Cleanup", Time since last: 119904708500 ns, Reaching safepoint: 352500 ns, At safepoint: 48500 ns, Total: 401000 ns
[2021-07-19T13:17:14.556+0000][34092][safepoint   ] Safepoint "Cleanup", Time since last: 7057775200 ns, Reaching safepoint: 500500 ns, At safepoint: 37900 ns, Total: 538400 ns
[2021-07-19T13:17:37.767+0000][34092][safepoint   ] Safepoint "Cleanup", Time since last: 23210265300 ns, Reaching safepoint: 256600 ns, At safepoint: 38300 ns, Total: 294900 ns
[2021-07-19T13:18:33.983+0000][34092][gc,start    ] GC(16) Pause Young (Normal) (G1 Evacuation Pause)
[2021-07-19T13:18:33.983+0000][34092][gc,task     ] GC(16) Using 8 workers of 8 for evacuation
[2021-07-19T13:18:33.983+0000][34092][gc,age      ] GC(16) Desired survivor size 65011712 bytes, new threshold 15 (max threshold 15)
[2021-07-19T13:18:34.030+0000][34092][gc,age      ] GC(16) Age table with threshold 15 (max threshold 15)
[2021-07-19T13:18:34.031+0000][34092][gc,age      ] GC(16) - age   1:      99336 bytes,      99336 total
[2021-07-19T13:18:34.031+0000][34092][gc,age      ] GC(16) - age   2:       5888 bytes,     105224 total
[2021-07-19T13:18:34.031+0000][34092][gc,age      ] GC(16) - age   3:   14020824 bytes,   14126048 total
[2021-07-19T13:18:34.031+0000][34092][gc,age      ] GC(16) - age   4:    6070968 bytes,   20197016 total
[2021-07-19T13:18:34.031+0000][34092][gc,age      ] GC(16) - age   5:   10847680 bytes,   31044696 total
[2021-07-19T13:18:34.031+0000][34092][gc,age      ] GC(16) - age   6:    7826448 bytes,   38871144 total
[2021-07-19T13:18:34.031+0000][34092][gc,age      ] GC(16) - age   7:    8691608 bytes,   47562752 total
[2021-07-19T13:18:34.031+0000][34092][gc,phases   ] GC(16)   Pre Evacuate Collection Set: 0.2ms
[2021-07-19T13:18:34.031+0000][34092][gc,phases   ] GC(16)   Merge Heap Roots: 0.1ms
[2021-07-19T13:18:34.031+0000][34092][gc,phases   ] GC(16)   Evacuate Collection Set: 38.2ms
[2021-07-19T13:18:34.031+0000][34092][gc,phases   ] GC(16)   Post Evacuate Collection Set: 8.4ms
[2021-07-19T13:18:34.031+0000][34092][gc,phases   ] GC(16)   Other: 1.9ms
[2021-07-19T13:18:34.031+0000][34092][gc,heap     ] GC(16) Eden regions: 231->0(595)
[2021-07-19T13:18:34.031+0000][34092][gc,heap     ] GC(16) Survivor regions: 13->13(31)
[2021-07-19T13:18:34.032+0000][34092][gc,heap     ] GC(16) Old regions: 15->15
[2021-07-19T13:18:34.032+0000][34092][gc,heap     ] GC(16) Archive regions: 0->0
[2021-07-19T13:18:34.032+0000][34092][gc,heap     ] GC(16) Humongous regions: 2->2
[2021-07-19T13:18:34.032+0000][34092][gc,metaspace] GC(16) Metaspace: 107184K(111184K)->107184K(111184K) NonClass: 92907K(95568K)->92907K(95568K) Class: 14277K(15616K)->14277K(15616K)
[2021-07-19T13:18:34.032+0000][34092][gc          ] GC(16) Pause Young (Normal) (G1 Evacuation Pause) 1040M->113M(4056M) 49.038ms
[2021-07-19T13:18:34.033+0000][34092][gc,cpu      ] GC(16) User=0.28s Sys=0.03s Real=0.05s
[2021-07-19T13:18:34.033+0000][34092][safepoint   ] Safepoint "G1CollectForAllocation", Time since last: 56213510000 ns, Reaching safepoint: 1943900 ns, At safepoint: 50472000 ns, Total: 52415900 ns
[2021-07-19T13:19:37.531+0000][34092][safepoint   ] Safepoint "Cleanup", Time since last: 63498099400 ns, Reaching safepoint: 274000 ns, At safepoint: 25400 ns, Total: 299400 ns
[2021-07-19T13:20:02.770+0000][34092][safepoint   ] Safepoint "Cleanup", Time since last: 25239098000 ns, Reaching safepoint: 159200 ns, At safepoint: 9400 ns, Total: 168600 ns
[2021-07-19T13:21:37.527+0000][34092][safepoint   ] Safepoint "Cleanup", Time since last: 94756506500 ns, Reaching safepoint: 693100 ns, At safepoint: 21200 ns, Total: 714300 ns
[2021-07-19T13:24:31.770+0000][34092][safepoint   ] Safepoint "Cleanup", Time since last: 174242024100 ns, Reaching safepoint: 190700 ns, At safepoint: 19500 ns, Total: 210200 ns
[2021-07-19T13:24:37.800+0000][34092][safepoint   ] Safepoint "Cleanup", Time since last: 6030158900 ns, Reaching safepoint: 251400 ns, At safepoint: 42000 ns, Total: 293400 ns
[2021-07-19T13:25:37.227+0000][34092][safepoint   ] Safepoint "Cleanup", Time since last: 59426005600 ns, Reaching safepoint: 1288500 ns, At safepoint: 55600 ns, Total: 1344100 ns
[2021-07-19T13:25:40.236+0000][34092][safepoint   ] Safepoint "Cleanup", Time since last: 3007047000 ns, Reaching safepoint: 1514500 ns, At safepoint: 28000 ns, Total: 1542500 ns
[2021-07-19T13:25:41.246+0000][34092][safepoint   ] Safepoint "Cleanup", Time since last: 1009374200 ns, Reaching safepoint: 512100 ns, At safepoint: 49400 ns, Total: 561500 ns
